Component: Arm Compiler for Embedded 6.21 Tool: armlink [5ec1fa00]

==============================================================================

Section Cross References

    main.o(.text.main) refers to delay.o(.text.DelayInit) for DelayInit
    main.o(.text.main) refers to delay.o(.text.delay_ms) for delay_ms
    main.o(.text.main) refers to stm32f10x_rcc.o(.text.RCC_APB2PeriphClockCmd) for RCC_APB2PeriphClockCmd
    main.o(.text.main) refers to stm32f10x_gpio.o(.text.GPIO_Init) for GPIO_Init
    main.o(.text.main) refers to stm32f10x_gpio.o(.text.GPIO_SetBits) for GPIO_SetBits
    main.o(.text.main) refers to debug_uart.o(.text.DebugUart_Init) for DebugUart_Init
    main.o(.text.main) refers to debug_uart.o(.text.DebugUart_SendString) for DebugUart_SendString
    main.o(.text.main) refers to adc.o(.text.ADC1_DMA_Config) for ADC1_DMA_Config
    main.o(.text.main) refers to ds18b20.o(.text.DS18B20_Init) for DS18B20_Init
    main.o(.text.main) refers to usart2.o(.text.usart2_init) for usart2_init
    main.o(.text.main) refers to stm32f10x_gpio.o(.text.GPIO_ReadOutputDataBit) for GPIO_ReadOutputDataBit
    main.o(.text.main) refers to stm32f10x_gpio.o(.text.GPIO_ResetBits) for GPIO_ResetBits
    main.o(.text.main) refers to adc.o(.bss.ADCConvertedValue) for ADCConvertedValue
    main.o(.text.main) refers to ffltui.o(.text) for __aeabi_ui2f
    main.o(.text.main) refers to fmul.o(.text) for __aeabi_fmul
    main.o(.text.main) refers to fdiv.o(.text) for __aeabi_fdiv
    main.o(.text.main) refers to main.o(.bss.PH_voltage) for PH_voltage
    main.o(.text.main) refers to fadd.o(.text) for __aeabi_fadd
    main.o(.text.main) refers to fcmpgt.o(.text) for __aeabi_fcmpgt
    main.o(.text.main) refers to fcmplt.o(.text) for __aeabi_fcmplt
    main.o(.text.main) refers to main.o(.bss.PH) for PH
    main.o(.text.main) refers to main.o(.bss.PH_temp) for PH_temp
    main.o(.text.main) refers to main.o(.bss.turbidity) for turbidity
    main.o(.text.main) refers to main.o(.bss.turbidity_temp) for turbidity_temp
    main.o(.text.main) refers to main.o(.bss.TDS_DAT) for TDS_DAT
    main.o(.text.main) refers to ds18b20.o(.text.DS18B20_Get_Temp) for DS18B20_Get_Temp
    main.o(.text.main) refers to main.o(.bss.temperature) for temperature
    main.o(.text.main) refers to main.o(.bss.temperature_temp) for temperature_temp
    main.o(.text.main) refers to ffixi.o(.text) for __aeabi_f2iz
    main.o(.text.main) refers to ffixui.o(.text) for __aeabi_f2uiz
    main.o(.text.main) refers to main.o(.rodata.str1.1) for .L.str.3
    main.o(.text.main) refers to printfa.o(i.__0snprintf) for __2snprintf
    main.o(.text.main) refers to esp01_at.o(.text.ESP01_ConnectWiFi) for ESP01_ConnectWiFi
    main.o(.text.main) refers to esp01_at.o(.text.ESP01_BasicSetup) for ESP01_BasicSetup
    main.o(.text.main) refers to esp01_at.o(.text.ESP01_ReportSensorsHttpGet) for ESP01_ReportSensorsHttpGet
    main.o(.ARM.exidx.text.main) refers to main.o(.text.main) for [Anonymous Symbol]
    stm32f10x_it.o(.ARM.exidx.text.NMI_Handler) refers to stm32f10x_it.o(.text.NMI_Handler) for [Anonymous Symbol]
    stm32f10x_it.o(.ARM.exidx.text.HardFault_Handler) refers to stm32f10x_it.o(.text.HardFault_Handler) for [Anonymous Symbol]
    stm32f10x_it.o(.ARM.exidx.text.MemManage_Handler) refers to stm32f10x_it.o(.text.MemManage_Handler) for [Anonymous Symbol]
    stm32f10x_it.o(.ARM.exidx.text.BusFault_Handler) refers to stm32f10x_it.o(.text.BusFault_Handler) for [Anonymous Symbol]
    stm32f10x_it.o(.ARM.exidx.text.UsageFault_Handler) refers to stm32f10x_it.o(.text.UsageFault_Handler) for [Anonymous Symbol]
    stm32f10x_it.o(.ARM.exidx.text.SVC_Handler) refers to stm32f10x_it.o(.text.SVC_Handler) for [Anonymous Symbol]
    stm32f10x_it.o(.ARM.exidx.text.DebugMon_Handler) refers to stm32f10x_it.o(.text.DebugMon_Handler) for [Anonymous Symbol]
    stm32f10x_it.o(.ARM.exidx.text.PendSV_Handler) refers to stm32f10x_it.o(.text.PendSV_Handler) for [Anonymous Symbol]
    stm32f10x_it.o(.ARM.exidx.text.SysTick_Handler) refers to stm32f10x_it.o(.text.SysTick_Handler) for [Anonymous Symbol]
    delay.o(.text.DelayInit) refers to misc.o(.text.SysTick_CLKSourceConfig) for SysTick_CLKSourceConfig
    delay.o(.text.DelayInit) refers to system_stm32f10x.o(.data.SystemCoreClock) for SystemCoreClock
    delay.o(.text.DelayInit) refers to delay.o(.bss.fac_us) for fac_us
    delay.o(.text.DelayInit) refers to delay.o(.bss.fac_ms) for fac_ms
    delay.o(.ARM.exidx.text.DelayInit) refers to delay.o(.text.DelayInit) for [Anonymous Symbol]
    delay.o(.text.delay_us) refers to delay.o(.bss.fac_us) for fac_us
    delay.o(.ARM.exidx.text.delay_us) refers to delay.o(.text.delay_us) for [Anonymous Symbol]
    delay.o(.text.delay_ms) refers to delay.o(.bss.fac_ms) for fac_ms
    delay.o(.ARM.exidx.text.delay_ms) refers to delay.o(.text.delay_ms) for [Anonymous Symbol]
    delay.o(.text.DelayS) refers to delay.o(.bss.fac_ms) for fac_ms
[...]
    Removing stm32f10x_tim.o(.text.TIM_GetCounter), (4 bytes).
    Removing stm32f10x_tim.o(.ARM.exidx.text.TIM_GetCounter), (8 bytes).
    Removing stm32f10x_tim.o(.text.TIM_GetPrescaler), (4 bytes).
    Removing stm32f10x_tim.o(.ARM.exidx.text.TIM_GetPrescaler), (8 bytes).
    Removing stm32f10x_tim.o(.text.TIM_GetFlagStatus), (10 bytes).
    Removing stm32f10x_tim.o(.ARM.exidx.text.TIM_GetFlagStatus), (8 bytes).
    Removing stm32f10x_tim.o(.text.TIM_ClearFlag), (6 bytes).
    Removing stm32f10x_tim.o(.ARM.exidx.text.TIM_ClearFlag), (8 bytes).
    Removing stm32f10x_tim.o(.ARM.exidx.text.TIM_GetITStatus), (8 bytes).
    Removing stm32f10x_tim.o(.ARM.exidx.text.TIM_ClearITPendingBit), (8 bytes).
    Removing stm32f10x_usart.o(.text), (0 bytes).
    Removing stm32f10x_usart.o(.ARM.exidx.text.USART_DeInit), (8 bytes).
    Removing stm32f10x_usart.o(.ARM.exidx.text.USART_Init), (8 bytes).
    Removing stm32f10x_usart.o(.text.USART_StructInit), (18 bytes).
    Removing stm32f10x_usart.o(.ARM.exidx.text.USART_StructInit), (8 bytes).
    Removing stm32f10x_usart.o(.text.USART_ClockInit), (34 bytes).
    Removing stm32f10x_usart.o(.ARM.exidx.text.USART_ClockInit), (8 bytes).
    Removing stm32f10x_usart.o(.text.USART_ClockStructInit), (8 bytes).
    Removing stm32f10x_usart.o(.ARM.exidx.text.USART_ClockStructInit), (8 bytes).
    Removing stm32f10x_usart.o(.ARM.exidx.text.USART_Cmd), (8 bytes).
    Removing stm32f10x_usart.o(.ARM.exidx.text.USART_ITConfig), (8 bytes).
    Removing stm32f10x_usart.o(.text.USART_DMACmd), (16 bytes).
    Removing stm32f10x_usart.o(.ARM.exidx.text.USART_DMACmd), (8 bytes).
    Removing stm32f10x_usart.o(.text.USART_SetAddress), (16 bytes).
    Removing stm32f10x_usart.o(.ARM.exidx.text.USART_SetAddress), (8 bytes).
    Removing stm32f10x_usart.o(.text.USART_WakeUpConfig), (16 bytes).
    Removing stm32f10x_usart.o(.ARM.exidx.text.USART_WakeUpConfig), (8 bytes).
    Removing stm32f10x_usart.o(.text.USART_ReceiverWakeUpCmd), (20 bytes).
    Removing stm32f10x_usart.o(.ARM.exidx.text.USART_ReceiverWakeUpCmd), (8 bytes).
    Removing stm32f10x_usart.o(.text.USART_LINBreakDetectLengthConfig), (16 bytes).
    Removing stm32f10x_usart.o(.ARM.exidx.text.USART_LINBreakDetectLengthConfig), (8 bytes).
    Removing stm32f10x_usart.o(.text.USART_LINCmd), (20 bytes).
    Removing stm32f10x_usart.o(.ARM.exidx.text.USART_LINCmd), (8 bytes).
    Removing stm32f10x_usart.o(.ARM.exidx.text.USART_SendData), (8 bytes).
    Removing stm32f10x_usart.o(.ARM.exidx.text.USART_ReceiveData), (8 bytes).
    Removing stm32f10x_usart.o(.text.USART_SendBreak), (10 bytes).
    Removing stm32f10x_usart.o(.ARM.exidx.text.USART_SendBreak), (8 bytes).
    Removing stm32f10x_usart.o(.text.USART_SetGuardTime), (16 bytes).
    Removing stm32f10x_usart.o(.ARM.exidx.text.USART_SetGuardTime), (8 bytes).
    Removing stm32f10x_usart.o(.text.USART_SetPrescaler), (16 bytes).
    Removing stm32f10x_usart.o(.ARM.exidx.text.USART_SetPrescaler), (8 bytes).
    Removing stm32f10x_usart.o(.text.USART_SmartCardCmd), (20 bytes).
    Removing stm32f10x_usart.o(.ARM.exidx.text.USART_SmartCardCmd), (8 bytes).
    Removing stm32f10x_usart.o(.text.USART_SmartCardNACKCmd), (20 bytes).
    Removing stm32f10x_usart.o(.ARM.exidx.text.USART_SmartCardNACKCmd), (8 bytes).
    Removing stm32f10x_usart.o(.text.USART_HalfDuplexCmd), (20 bytes).
    Removing stm32f10x_usart.o(.ARM.exidx.text.USART_HalfDuplexCmd), (8 bytes).
    Removing stm32f10x_usart.o(.text.USART_OverSampling8Cmd), (20 bytes).
    Removing stm32f10x_usart.o(.ARM.exidx.text.USART_OverSampling8Cmd), (8 bytes).
    Removing stm32f10x_usart.o(.text.USART_OneBitMethodCmd), (20 bytes).
    Removing stm32f10x_usart.o(.ARM.exidx.text.USART_OneBitMethodCmd), (8 bytes).
    Removing stm32f10x_usart.o(.text.USART_IrDAConfig), (16 bytes).
    Removing stm32f10x_usart.o(.ARM.exidx.text.USART_IrDAConfig), (8 bytes).
    Removing stm32f10x_usart.o(.text.USART_IrDACmd), (20 bytes).
    Removing stm32f10x_usart.o(.ARM.exidx.text.USART_IrDACmd), (8 bytes).
    Removing stm32f10x_usart.o(.ARM.exidx.text.USART_GetFlagStatus), (8 bytes).
    Removing stm32f10x_usart.o(.ARM.exidx.text.USART_ClearFlag), (8 bytes).
    Removing stm32f10x_usart.o(.ARM.exidx.text.USART_GetITStatus), (8 bytes).
    Removing stm32f10x_usart.o(.text.USART_ClearITPendingBit), (14 bytes).
    Removing stm32f10x_usart.o(.ARM.exidx.text.USART_ClearITPendingBit), (8 bytes).
    Removing stm32f10x_wwdg.o(.text), (0 bytes).
    Removing stm32f10x_wwdg.o(.text.WWDG_DeInit), (26 bytes).
    Removing stm32f10x_wwdg.o(.ARM.exidx.text.WWDG_DeInit), (8 bytes).
    Removing stm32f10x_wwdg.o(.text.WWDG_SetPrescaler), (20 bytes).
    Removing stm32f10x_wwdg.o(.ARM.exidx.text.WWDG_SetPrescaler), (8 bytes).
    Removing stm32f10x_wwdg.o(.text.WWDG_SetWindowValue), (40 bytes).
    Removing stm32f10x_wwdg.o(.ARM.exidx.text.WWDG_SetWindowValue), (8 bytes).
    Removing stm32f10x_wwdg.o(.text.WWDG_EnableIT), (14 bytes).
    Removing stm32f10x_wwdg.o(.ARM.exidx.text.WWDG_EnableIT), (8 bytes).
    Removing stm32f10x_wwdg.o(.text.WWDG_SetCounter), (16 bytes).
    Removing stm32f10x_wwdg.o(.ARM.exidx.text.WWDG_SetCounter), (8 bytes).
    Removing stm32f10x_wwdg.o(.text.WWDG_Enable), (16 bytes).
    Removing stm32f10x_wwdg.o(.ARM.exidx.text.WWDG_Enable), (8 bytes).
    Removing stm32f10x_wwdg.o(.text.WWDG_GetFlagStatus), (14 bytes).
    Removing stm32f10x_wwdg.o(.ARM.exidx.text.WWDG_GetFlagStatus), (8 bytes).
    Removing stm32f10x_wwdg.o(.text.WWDG_ClearFlag), (14 bytes).
    Removing stm32f10x_wwdg.o(.ARM.exidx.text.WWDG_ClearFlag), (8 bytes).
    Removing core_cm3.o(.text), (0 bytes).
    Removing core_cm3.o(.text.__get_PSP), (6 bytes).
    Removing core_cm3.o(.ARM.exidx.text.__get_PSP), (8 bytes).
    Removing core_cm3.o(.text.__set_PSP), (6 bytes).
    Removing core_cm3.o(.ARM.exidx.text.__set_PSP), (8 bytes).
    Removing core_cm3.o(.text.__get_MSP), (6 bytes).
    Removing core_cm3.o(.ARM.exidx.text.__get_MSP), (8 bytes).
    Removing core_cm3.o(.text.__set_MSP), (6 bytes).
    Removing core_cm3.o(.ARM.exidx.text.__set_MSP), (8 bytes).
    Removing core_cm3.o(.text.__get_BASEPRI), (6 bytes).
    Removing core_cm3.o(.ARM.exidx.text.__get_BASEPRI), (8 bytes).
    Removing core_cm3.o(.text.__set_BASEPRI), (6 bytes).
    Removing core_cm3.o(.ARM.exidx.text.__set_BASEPRI), (8 bytes).
    Removing core_cm3.o(.text.__get_PRIMASK), (6 bytes).
    Removing core_cm3.o(.ARM.exidx.text.__get_PRIMASK), (8 bytes).
    Removing core_cm3.o(.text.__set_PRIMASK), (6 bytes).
    Removing core_cm3.o(.ARM.exidx.text.__set_PRIMASK), (8 bytes).
    Removing core_cm3.o(.text.__get_FAULTMASK), (6 bytes).
    Removing core_cm3.o(.ARM.exidx.text.__get_FAULTMASK), (8 bytes).
    Removing core_cm3.o(.text.__set_FAULTMASK), (6 bytes).
    Removing core_cm3.o(.ARM.exidx.text.__set_FAULTMASK), (8 bytes).
    Removing core_cm3.o(.text.__get_CONTROL), (6 bytes).
    Removing core_cm3.o(.ARM.exidx.text.__get_CONTROL), (8 bytes).
    Removing core_cm3.o(.text.__set_CONTROL), (6 bytes).
    Removing core_cm3.o(.ARM.exidx.text.__set_CONTROL), (8 bytes).
    Removing core_cm3.o(.text.__REV), (4 bytes).
    Removing core_cm3.o(.ARM.exidx.text.__REV), (8 bytes).
    Removing core_cm3.o(.text.__REV16), (4 bytes).
    Removing core_cm3.o(.ARM.exidx.text.__REV16), (8 bytes).
    Removing core_cm3.o(.text.__REVSH), (4 bytes).
    Removing core_cm3.o(.ARM.exidx.text.__REVSH), (8 bytes).
    Removing core_cm3.o(.text.__RBIT), (6 bytes).
    Removing core_cm3.o(.ARM.exidx.text.__RBIT), (8 bytes).
    Removing core_cm3.o(.text.__LDREXB), (8 bytes).
    Removing core_cm3.o(.ARM.exidx.text.__LDREXB), (8 bytes).
    Removing core_cm3.o(.text.__LDREXH), (8 bytes).
    Removing core_cm3.o(.ARM.exidx.text.__LDREXH), (8 bytes).
    Removing core_cm3.o(.text.__LDREXW), (6 bytes).
    Removing core_cm3.o(.ARM.exidx.text.__LDREXW), (8 bytes).
    Removing core_cm3.o(.text.__STREXB), (6 bytes).
    Removing core_cm3.o(.ARM.exidx.text.__STREXB), (8 bytes).
    Removing core_cm3.o(.text.__STREXH), (6 bytes).
    Removing core_cm3.o(.ARM.exidx.text.__STREXH), (8 bytes).
    Removing core_cm3.o(.text.__STREXW), (6 bytes).
    Removing core_cm3.o(.ARM.exidx.text.__STREXW), (8 bytes).
    Removing system_stm32f10x.o(.text), (0 bytes).
    Removing system_stm32f10x.o(.ARM.exidx.text.SystemInit), (8 bytes).
    Removing system_stm32f10x.o(.text.SystemCoreClockUpdate), (94 bytes).
    Removing system_stm32f10x.o(.ARM.exidx.text.SystemCoreClockUpdate), (8 bytes).
    Removing system_stm32f10x.o(.rodata.AHBPrescTable), (16 bytes).
    Removing startup_stm32f10x_hd.o(HEAP), (512 bytes).
    Removing gizwits_product.o(.text), (0 bytes).
    Removing gizwits_product.o(.text.gizwitsEventProcess), (316 bytes).
    Removing gizwits_product.o(.ARM.exidx.text.gizwitsEventProcess), (8 bytes).
    Removing gizwits_product.o(.text.userHandle), (68 bytes).
    Removing gizwits_product.o(.ARM.exidx.text.userHandle), (8 bytes).
    Removing gizwits_product.o(.text.userInit), (68 bytes).
    Removing gizwits_product.o(.ARM.exidx.text.userInit), (8 bytes).
    Removing gizwits_product.o(.ARM.exidx.text.gizTimerMs), (8 bytes).
    Removing gizwits_product.o(.text.gizGetTimerCount), (12 bytes).
    Removing gizwits_product.o(.ARM.exidx.text.gizGetTimerCount), (8 bytes).
    Removing gizwits_product.o(.text.mcuRestart), (38 bytes).
    Removing gizwits_product.o(.ARM.exidx.text.mcuRestart), (8 bytes).
    Removing gizwits_product.o(.text.TIMER_IRQ_FUN), (16 bytes).
    Removing gizwits_product.o(.ARM.exidx.text.TIMER_IRQ_FUN), (8 bytes).
    Removing gizwits_product.o(.text.UART_IRQ_FUN), (40 bytes).
    Removing gizwits_product.o(.ARM.exidx.text.UART_IRQ_FUN), (8 bytes).
    Removing gizwits_product.o(.text.uartWrite), (200 bytes).
    Removing gizwits_product.o(.ARM.exidx.text.uartWrite), (8 bytes).
    Removing gizwits_product.o(.bss.currentDataPoint), (16 bytes).
    Removing gizwits_product.o(.rodata.str1.1), (6 bytes).
    Removing gizwits_product.o(.bss.aRxBuffer), (1 bytes).
    Removing gizwits_protocol.o(.text), (0 bytes).
    Removing gizwits_protocol.o(.text.gizPutData), (108 bytes).
    Removing gizwits_protocol.o(.ARM.exidx.text.gizPutData), (8 bytes).
    Removing gizwits_protocol.o(.text.calculateDynamicBitPartLen), (4 bytes).
    Removing gizwits_protocol.o(.ARM.exidx.text.calculateDynamicBitPartLen), (8 bytes).
    Removing gizwits_protocol.o(.text.gizwitsInit), (104 bytes).
    Removing gizwits_protocol.o(.ARM.exidx.text.gizwitsInit), (8 bytes).
    Removing gizwits_protocol.o(.text.gizwitsSetMode), (380 bytes).
    Removing gizwits_protocol.o(.ARM.exidx.text.gizwitsSetMode), (8 bytes).
    Removing gizwits_protocol.o(.text.gizwitsGetNTP), (152 bytes).
    Removing gizwits_protocol.o(.ARM.exidx.text.gizwitsGetNTP), (8 bytes).
    Removing gizwits_protocol.o(.text.gizwitsGetModuleInfo), (156 bytes).
    Removing gizwits_protocol.o(.ARM.exidx.text.gizwitsGetModuleInfo), (8 bytes).
    Removing gizwits_protocol.o(.text.gizwitsHandle), (1868 bytes).
    Removing gizwits_protocol.o(.ARM.exidx.text.gizwitsHandle), (8 bytes).
    Removing gizwits_protocol.o(.text.gizProtocolGetDeviceInfo), (288 bytes).
    Removing gizwits_protocol.o(.ARM.exidx.text.gizProtocolGetDeviceInfo), (8 bytes).
    Removing gizwits_protocol.o(.text.gizProtocolIssuedProcess), (256 bytes).
    Removing gizwits_protocol.o(.ARM.exidx.text.gizProtocolIssuedProcess), (8 bytes).
    Removing gizwits_protocol.o(.text.gizProtocolIssuedDataAck), (296 bytes).
    Removing gizwits_protocol.o(.ARM.exidx.text.gizProtocolIssuedDataAck), (8 bytes).
    Removing gizwits_protocol.o(.text.gizProtocolCommonAck), (94 bytes).
    Removing gizwits_protocol.o(.ARM.exidx.text.gizProtocolCommonAck), (8 bytes).
    Removing gizwits_protocol.o(.text.gizProtocolModuleStatus), (732 bytes).
    Removing gizwits_protocol.o(.ARM.exidx.text.gizProtocolModuleStatus), (8 bytes).
    Removing gizwits_protocol.o(.text.gizProtocolReboot), (28 bytes).
    Removing gizwits_protocol.o(.ARM.exidx.text.gizProtocolReboot), (8 bytes).
    Removing gizwits_protocol.o(.text.gizProtocolNTP), (76 bytes).
    Removing gizwits_protocol.o(.ARM.exidx.text.gizProtocolNTP), (8 bytes).
    Removing gizwits_protocol.o(.text.gizProtocolErrorCmd), (104 bytes).
    Removing gizwits_protocol.o(.ARM.exidx.text.gizProtocolErrorCmd), (8 bytes).
    Removing gizwits_protocol.o(.text.gizwitsPassthroughData), (232 bytes).
    Removing gizwits_protocol.o(.ARM.exidx.text.gizwitsPassthroughData), (8 bytes).
    Removing gizwits_protocol.o(.text.gizDataPoints2ReportData), (248 bytes).
    Removing gizwits_protocol.o(.ARM.exidx.text.gizDataPoints2ReportData), (8 bytes).
    Removing gizwits_protocol.o(.text.gizReportData), (172 bytes).
    Removing gizwits_protocol.o(.ARM.exidx.text.gizReportData), (8 bytes).
    Removing gizwits_protocol.o(.bss.pRb), (16 bytes).
    Removing gizwits_protocol.o(.bss.rbBuf), (56 bytes).
    Removing gizwits_protocol.o(.bss.gizwitsProtocol), (316 bytes).
    Removing gizwits_protocol.o(.rodata.str1.1), (708 bytes).
    Removing gizwits_protocol.o(.bss.gizProtocolGetOnePacket.protocolFlag), (1 bytes).
    Removing gizwits_protocol.o(.bss.gizProtocolGetOnePacket.protocolCount), (2 bytes).
    Removing gizwits_protocol.o(.bss.gizProtocolGetOnePacket.lastData), (1 bytes).
    Removing gizwits_protocol.o(.bss.gizProtocolGetOnePacket.debugCount), (1 bytes).
    Removing gizwits_protocol.o(.bss.gizProtocolModuleStatus.lastStatus.0), (1 bytes).
    Removing gizwits_protocol.o(.bss.gizProtocolModuleStatus.lastStatus.1), (1 bytes).
    Removing gizwits_protocol.o(.bss.gizDevReportPolicy.lastRepTime), (4 bytes).
    Removing gizwits_protocol.o(.bss.gizCheckReport.lastReportTime), (4 bytes).
    Removing common.o(.text), (0 bytes).
    Removing common.o(.text.gizProtocolSum), (46 bytes).
    Removing common.o(.ARM.exidx.text.gizProtocolSum), (8 bytes).
    Removing common.o(.text.exchangeBytes), (4 bytes).
    Removing common.o(.ARM.exidx.text.exchangeBytes), (8 bytes).
    Removing common.o(.text.exchangeWord), (4 bytes).
    Removing common.o(.ARM.exidx.text.exchangeWord), (8 bytes).
    Removing common.o(.text.char2hex), (92 bytes).
    Removing common.o(.ARM.exidx.text.char2hex), (8 bytes).
    Removing common.o(.text.checkStringIsNotZero), (42 bytes).
    Removing common.o(.ARM.exidx.text.checkStringIsNotZero), (8 bytes).
    Removing common.o(.text.returnWeekDay), (136 bytes).
    Removing common.o(.ARM.exidx.text.returnWeekDay), (8 bytes).
    Removing common.o(.text.returnNtp2Wt), (444 bytes).
    Removing common.o(.ARM.exidx.text.returnNtp2Wt), (8 bytes).
    Removing common.o(.text.str2Hex), (88 bytes).
    Removing common.o(.ARM.exidx.text.str2Hex), (8 bytes).
    Removing common.o(.text.hex2Str), (74 bytes).
    Removing common.o(.ARM.exidx.text.hex2Str), (8 bytes).
    Removing datapointtools.o(.text), (0 bytes).
    Removing datapointtools.o(.text.gizByteOrderExchange), (44 bytes).
    Removing datapointtools.o(.ARM.exidx.text.gizByteOrderExchange), (8 bytes).
    Removing datapointtools.o(.text.gizY2X), (8 bytes).
    Removing datapointtools.o(.ARM.exidx.text.gizY2X), (8 bytes).
    Removing datapointtools.o(.text.gizX2Y), (6 bytes).
    Removing datapointtools.o(.ARM.exidx.text.gizX2Y), (8 bytes).
    Removing datapointtools.o(.text.gizY2XFloat), (22 bytes).
    Removing datapointtools.o(.ARM.exidx.text.gizY2XFloat), (8 bytes).
    Removing datapointtools.o(.text.gizX2YFloat), (26 bytes).
    Removing datapointtools.o(.ARM.exidx.text.gizX2YFloat), (8 bytes).
    Removing datapointtools.o(.text.gizAcrossByteJudge), (34 bytes).
    Removing datapointtools.o(.ARM.exidx.text.gizAcrossByteJudge), (8 bytes).
    Removing datapointtools.o(.text.gizVarlenCompressValue), (126 bytes).
    Removing datapointtools.o(.ARM.exidx.text.gizVarlenCompressValue), (8 bytes).
    Removing datapointtools.o(.text.gizVarlenDecompressionValue), (174 bytes).
    Removing datapointtools.o(.ARM.exidx.text.gizVarlenDecompressionValue), (8 bytes).
    Removing datapointtools.o(.text.gizStandardDecompressionValue), (186 bytes).
    Removing datapointtools.o(.ARM.exidx.text.gizStandardDecompressionValue), (8 bytes).
    Removing datapointtools.o(.text.gizStandardCompressValue), (122 bytes).
    Removing datapointtools.o(.ARM.exidx.text.gizStandardCompressValue), (8 bytes).
    Removing ringbuffer.o(.text), (0 bytes).
    Removing ringbuffer.o(.text.rbCreate), (20 bytes).
    Removing ringbuffer.o(.ARM.exidx.text.rbCreate), (8 bytes).
    Removing ringbuffer.o(.text.rbDelete), (22 bytes).
    Removing ringbuffer.o(.ARM.exidx.text.rbDelete), (8 bytes).
    Removing ringbuffer.o(.text.rbCapacity), (12 bytes).
    Removing ringbuffer.o(.ARM.exidx.text.rbCapacity), (8 bytes).
    Removing ringbuffer.o(.text.rbCanRead), (34 bytes).
    Removing ringbuffer.o(.ARM.exidx.text.rbCanRead), (8 bytes).
    Removing ringbuffer.o(.text.rbCanWrite), (40 bytes).
    Removing ringbuffer.o(.ARM.exidx.text.rbCanWrite), (8 bytes).
    Removing ringbuffer.o(.text.rbRead), (106 bytes).
    Removing ringbuffer.o(.ARM.exidx.text.rbRead), (8 bytes).
    Removing ringbuffer.o(.text.rbWrite), (160 bytes).
    Removing ringbuffer.o(.ARM.exidx.text.rbWrite), (8 bytes).
    Removing fcmpeq.o(.text), (28 bytes).

1226 unused section(s) (total 43463 bytes) removed from the image.

==============================================================================

Image Symbol Table

    Local Symbols

    Symbol Name                              Value     Ov Type        Size  Object(Section)

    ../clib/division.s                       0x00000000   Number         0  aeabi_sdiv.o ABSOLUTE
    ../clib/microlib/ctype/toupper.c         0x00000000   Number         0  toupper.o ABSOLUTE
    ../clib/microlib/division.c              0x00000000   Number         0  uidiv.o ABSOLUTE
    ../clib/microlib/division.c              0x00000000   Number         0  uldiv.o ABSOLUTE
    ../clib/microlib/init/entry.s            0x00000000   Number         0  entry.o ABSOLUTE
    ../clib/microlib/init/entry.s            0x00000000   Number         0  entry2.o ABSOLUTE
    ../clib/microlib/init/entry.s            0x00000000   Number         0  entry5.o ABSOLUTE
    ../clib/microlib/init/entry.s            0x00000000   Number         0  entry7a.o ABSOLUTE
    ../clib/microlib/init/entry.s            0x00000000   Number         0  entry7b.o ABSOLUTE
    ../clib/microlib/init/entry.s            0x00000000   Number         0  entry8a.o ABSOLUTE
    ../clib/microlib/init/entry.s            0x00000000   Number         0  entry8b.o ABSOLUTE
    ../clib/microlib/init/entry.s            0x00000000   Number         0  entry9a.o ABSOLUTE
    ../clib/microlib/init/entry.s            0x00000000   Number         0  entry9b.o ABSOLUTE
    ../clib/microlib/init/entry.s            0x00000000   Number         0  entry10a.o ABSOLUTE
    ../clib/microlib/init/entry.s            0x00000000   Number         0  entry10b.o ABSOLUTE
    ../clib/microlib/init/entry.s            0x00000000   Number         0  entry11a.o ABSOLUTE
    ../clib/microlib/init/entry.s            0x00000000   Number         0  entry11b.o ABSOLUTE
    ../clib/microlib/longlong.c              0x00000000   Number         0  llushr.o ABSOLUTE
    ../clib/microlib/longlong.c              0x00000000   Number         0  llshl.o ABSOLUTE
    ../clib/microlib/longlong.c              0x00000000   Number         0  llsshr.o ABSOLUTE
    ../clib/microlib/printf/printf.c         0x00000000   Number         0  printfb.o ABSOLUTE
    ../clib/microlib/printf/printf.c         0x00000000   Number         0  printf0.o ABSOLUTE
    ../clib/microlib/printf/printf.c         0x00000000   Number         0  printf1.o ABSOLUTE
    ../clib/microlib/printf/printf.c         0x00000000   Number         0  printf2.o ABSOLUTE
    ../clib/microlib/printf/printf.c         0x00000000   Number         0  printf3.o ABSOLUTE
    ../clib/microlib/printf/printf.c         0x00000000   Number         0  printf4.o ABSOLUTE
    ../clib/microlib/printf/printf.c         0x00000000   Number         0  printf5.o ABSOLUTE
    ../clib/microlib/printf/printf.c         0x00000000   Number         0  printf6.o ABSOLUTE
    ../clib/microlib/printf/printf.c         0x00000000   Number         0  printf7.o ABSOLUTE
    ../clib/microlib/printf/printf.c         0x00000000   Number         0  printf8.o ABSOLUTE
    ../clib/microlib/printf/printf.c         0x00000000   Number         0  printfa.o ABSOLUTE
    ../clib/microlib/printf/stubs.s          0x00000000   Number         0  printfstubs.o ABSOLUTE
    ../clib/microlib/stdio/fputc.c           0x00000000   Number         0  fputc.o ABSOLUTE
    ../clib/microlib/stdio/fputc.c           0x00000000   Number         0  fputc_h.o ABSOLUTE
    ../clib/microlib/stdio/semi.s            0x00000000   Number         0  semi.o ABSOLUTE
    ../clib/microlib/stdio/streams.c         0x00000000   Number         0  stdout.o ABSOLUTE
    ../clib/microlib/string/memcpy.c         0x00000000   Number         0  memcpya.o ABSOLUTE
    ../clib/microlib/string/memcpy.c         0x00000000   Number         0  memcpyb.o ABSOLUTE
    ../clib/microlib/string/memset.c         0x00000000   Number         0  memseta.o ABSOLUTE
    ../clib/microlib/string/strlen.c         0x00000000   Number         0  strlen.o ABSOLUTE
    ../clib/microlib/string/strstr.c         0x00000000   Number         0  strstr.o ABSOLUTE
    ../clib/microlib/stubs.s                 0x00000000   Number         0  iusefp.o ABSOLUTE
    ../clib/microlib/stubs.s                 0x00000000   Number         0  iusesemip.o ABSOLUTE
    ../fplib/microlib/fpadd.c                0x00000000   Number         0  fadd.o ABSOLUTE
    ../fplib/microlib/fpadd.c                0x00000000   Number         0  dadd.o ABSOLUTE
    ../fplib/microlib/fpcmp.c                0x00000000   Number         0  fcmplt.o ABSOLUTE
    ../fplib/microlib/fpcmp.c                0x00000000   Number         0  fcmpgt.o ABSOLUTE
    ../fplib/microlib/fpcmp.c                0x00000000   Number         0  fcmpeq.o ABSOLUTE
    ../fplib/microlib/fpdiv.c                0x00000000   Number         0  fdiv.o ABSOLUTE
    ../fplib/microlib/fpdiv.c                0x00000000   Number         0  ddiv.o ABSOLUTE
    ../fplib/microlib/fpepilogue.c           0x00000000   Number         0  fepilogue.o ABSOLUTE
    ../fplib/microlib/fpepilogue.c           0x00000000   Number         0  depilogue.o ABSOLUTE
    ../fplib/microlib/fpfix.c                0x00000000   Number         0  ffixi.o ABSOLUTE
    ../fplib/microlib/fpfix.c                0x00000000   Number         0  ffixui.o ABSOLUTE
    ../fplib/microlib/fpfix.c                0x00000000   Number         0  dfixi.o ABSOLUTE
    ../fplib/microlib/fpfix.c                0x00000000   Number         0  dfixul.o ABSOLUTE
    ../fplib/microlib/fpflt.c                0x00000000   Number         0  ffltui.o ABSOLUTE
    ../fplib/microlib/fpflt.c                0x00000000   Number         0  dflti.o ABSOLUTE
    ../fplib/microlib/fpmul.c                0x00000000   Number         0  fmul.o ABSOLUTE
    ../fplib/microlib/fpmul.c                0x00000000   Number         0  dmul.o ABSOLUTE
    ..\Libraries\CMSIS\CM3\DeviceSupport\ST\STM32F10x\startup\arm\startup_stm32f10x_hd.s 0x00000000   Number         0  startup_stm32f10x_hd.o ABSOLUTE
    OLED_I2C.c                               0x00000000   Number         0  oled_i2c.o ABSOLUTE
    adc.c                                    0x00000000   Number         0  adc.o ABSOLUTE
    cdrcmple.s                               0x00000000   Number         0  cdrcmple.o ABSOLUTE
    common.c                                 0x00000000   Number         0  common.o ABSOLUTE
    core_cm3.c                               0x00000000   Number         0  core_cm3.o ABSOLUTE
    dataPointTools.c                         0x00000000   Number         0  datapointtools.o ABSOLUTE
    dc.s                                     0x00000000   Number         0  dc.o ABSOLUTE
    debug_uart.c                             0x00000000   Number         0  debug_uart.o ABSOLUTE
    delay.c                                  0x00000000   Number         0  delay.o ABSOLUTE
    ds18b20.c                                0x00000000   Number         0  ds18b20.o ABSOLUTE
    esp01_at.c                               0x00000000   Number         0  esp01_at.o ABSOLUTE
    flash.c                                  0x00000000   Number         0  flash.o ABSOLUTE
    gizwits_product.c                        0x00000000   Number         0  gizwits_product.o ABSOLUTE
    gizwits_protocol.c                       0x00000000   Number         0  gizwits_protocol.o ABSOLUTE
    handlers.s                               0x00000000   Number         0  handlers.o ABSOLUTE
    init.s                                   0x00000000   Number         0  init.o ABSOLUTE
    main.c                                   0x00000000   Number         0  main.o ABSOLUTE
    misc.c                                   0x00000000   Number         0  misc.o ABSOLUTE
    ringbuffer.c                             0x00000000   Number         0  ringbuffer.o ABSOLUTE
    stm32f10x_adc.c                          0x00000000   Number         0  stm32f10x_adc.o ABSOLUTE
    stm32f10x_bkp.c                          0x00000000   Number         0  stm32f10x_bkp.o ABSOLUTE
    stm32f10x_can.c                          0x00000000   Number         0  stm32f10x_can.o ABSOLUTE
    stm32f10x_cec.c                          0x00000000   Number         0  stm32f10x_cec.o ABSOLUTE
    stm32f10x_crc.c                          0x00000000   Number         0  stm32f10x_crc.o ABSOLUTE
    stm32f10x_dac.c                          0x00000000   Number         0  stm32f10x_dac.o ABSOLUTE
    stm32f10x_dbgmcu.c                       0x00000000   Number         0  stm32f10x_dbgmcu.o ABSOLUTE
    stm32f10x_dma.c                          0x00000000   Number         0  stm32f10x_dma.o ABSOLUTE
    stm32f10x_exti.c                         0x00000000   Number         0  stm32f10x_exti.o ABSOLUTE
    stm32f10x_flash.c                        0x00000000   Number         0  stm32f10x_flash.o ABSOLUTE
    stm32f10x_fsmc.c                         0x00000000   Number         0  stm32f10x_fsmc.o ABSOLUTE
    stm32f10x_gpio.c                         0x00000000   Number         0  stm32f10x_gpio.o ABSOLUTE
    stm32f10x_i2c.c                          0x00000000   Number         0  stm32f10x_i2c.o ABSOLUTE
    stm32f10x_it.c                           0x00000000   Number         0  stm32f10x_it.o ABSOLUTE
    stm32f10x_iwdg.c                         0x00000000   Number         0  stm32f10x_iwdg.o ABSOLUTE
    stm32f10x_pwr.c                          0x00000000   Number         0  stm32f10x_pwr.o ABSOLUTE
    stm32f10x_rcc.c                          0x00000000   Number         0  stm32f10x_rcc.o ABSOLUTE
    stm32f10x_rtc.c                          0x00000000   Number         0  stm32f10x_rtc.o ABSOLUTE
    stm32f10x_sdio.c                         0x00000000   Number         0  stm32f10x_sdio.o ABSOLUTE
    stm32f10x_spi.c                          0x00000000   Number         0  stm32f10x_spi.o ABSOLUTE
    stm32f10x_tim.c                          0x00000000   Number         0  stm32f10x_tim.o ABSOLUTE
    stm32f10x_usart.c                        0x00000000   Number         0  stm32f10x_usart.o ABSOLUTE
    stm32f10x_wwdg.c                         0x00000000   Number         0  stm32f10x_wwdg.o ABSOLUTE
    system_stm32f10x.c                       0x00000000   Number         0  system_stm32f10x.o ABSOLUTE
    timer.c                                  0x00000000   Number         0  timer.o ABSOLUTE
    usart2.c                                 0x00000000   Number         0  usart2.o ABSOLUTE
    RESET                                    0x08000000   Section      304  startup_stm32f10x_hd.o(RESET)
    .ARM.Collect$$$$00000000                 0x08000130   Section        0  entry.o(.ARM.Collect$$$$00000000)
    .ARM.Collect$$$$00000001                 0x08000130   Section        4  entry2.o(.ARM.Collect$$$$00000001)
    .ARM.Collect$$$$00000004                 0x08000134   Section        4  entry5.o(.ARM.Collect$$$$00000004)
    .ARM.Collect$$$$00000008                 0x08000138   Section        0  entry7b.o(.ARM.Collect$$$$00000008)
    .ARM.Collect$$$$0000000A                 0x08000138   Section        0  entry8b.o(.ARM.Collect$$$$0000000A)
    .ARM.Collect$$$$0000000B                 0x08000138   Section        8  entry9a.o(.ARM.Collect$$$$0000000B)
    __lit__00000000                          0x08000140   Data           4  entry2.o(.ARM.Collect$$$$00002712)
    .ARM.Collect$$$$0000000D                 0x08000140   Section        0  entry10a.o(.ARM.Collect$$$$0000000D)
    .ARM.Collect$$$$0000000F                 0x08000140   Section        0  entry11a.o(.ARM.Collect$$$$0000000F)
    .ARM.Collect$$$$00002712                 0x08000140   Section        4  entry2.o(.ARM.Collect$$$$00002712)
    .text                                    0x08000144   Section       36  startup_stm32f10x_hd.o(.text)
    .text                                    0x08000168   Section        0  memseta.o(.text)
    .text                                    0x0800018c   Section        0  strstr.o(.text)
    .text                                    0x080001b0   Section        0  strlen.o(.text)
    .text                                    0x080001be   Section        0  fadd.o(.text)
    .text                                    0x0800026e   Section        0  fmul.o(.text)
    .text                                    0x080002d2   Section        0  fdiv.o(.text)
    .text                                    0x0800034e   Section        0  dmul.o(.text)
    .text                                    0x08000432   Section        0  fcmplt.o(.text)
    .text                                    0x0800044e   Section        0  fcmpgt.o(.text)
    .text                                    0x0800046a   Section        0  ffltui.o(.text)
    .text                                    0x08000474   Section        0  dflti.o(.text)
    .text                                    0x08000496   Section        0  ffixi.o(.text)
    .text                                    0x080004c8   Section        0  ffixui.o(.text)
    .text                                    0x080004f0   Section        0  dfixi.o(.text)
    .text                                    0x0800052e   Section        0  uidiv.o(.text)
    .text                                    0x0800055a   Section        0  uldiv.o(.text)
    .text                                    0x080005bc   Section        0  llushr.o(.text)
    .text                                    0x080005dc   Section        0  iusefp.o(.text)
    .text                                    0x080005dc   Section        0  fepilogue.o(.text)
    .text                                    0x0800064a   Section        0  depilogue.o(.text)
    .text                                    0x08000704   Section        0  dadd.o(.text)
    .text                                    0x08000852   Section        0  ddiv.o(.text)
    .text                                    0x08000930   Section        0  dfixul.o(.text)
    .text                                    0x08000960   Section       48  cdrcmple.o(.text)
    .text                                    0x08000990   Section       48  init.o(.text)
    .text                                    0x080009c0   Section        0  llshl.o(.text)
    .text                                    0x080009de   Section        0  llsshr.o(.text)
    [Anonymous Symbol]                       0x08000a04   Section        0  adc.o(.text.ADC1_DMA_Config)
    [Anonymous Symbol]                       0x08000b18   Section        0  stm32f10x_adc.o(.text.ADC_Cmd)
    [Anonymous Symbol]                       0x08000b28   Section        0  stm32f10x_adc.o(.text.ADC_DMACmd)
    [Anonymous Symbol]                       0x08000b3c   Section        0  stm32f10x_adc.o(.text.ADC_GetCalibrationStatus)
    [Anonymous Symbol]                       0x08000b44   Section        0  stm32f10x_adc.o(.text.ADC_GetResetCalibrationStatus)
    [Anonymous Symbol]                       0x08000b4c   Section        0  stm32f10x_adc.o(.text.ADC_Init)
    [Anonymous Symbol]                       0x08000ba0   Section        0  stm32f10x_adc.o(.text.ADC_RegularChannelConfig)
    [Anonymous Symbol]                       0x08000c00   Section        0  stm32f10x_adc.o(.text.ADC_ResetCalibration)
    [Anonymous Symbol]                       0x08000c0c   Section        0  stm32f10x_adc.o(.text.ADC_SoftwareStartConvCmd)
    [Anonymous Symbol]                       0x08000c20   Section        0  stm32f10x_adc.o(.text.ADC_StartCalibration)
    [Anonymous Symbol]                       0x08000c2c   Section        0  stm32f10x_it.o(.text.BusFault_Handler)
    [Anonymous Symbol]                       0x08000c30   Section        0  stm32f10x_dma.o(.text.DMA_Cmd)
    [Anonymous Symbol]                       0x08000c48   Section        0  stm32f10x_dma.o(.text.DMA_DeInit)
    [Anonymous Symbol]                       0x08000d54   Section        0  stm32f10x_dma.o(.text.DMA_ITConfig)
    [Anonymous Symbol]                       0x08000d64   Section        0  stm32f10x_dma.o(.text.DMA_Init)
    [Anonymous Symbol]                       0x08000dac   Section        0  ds18b20.o(.text.DS18B20_Get_Temp)
    [Anonymous Symbol]                       0x0800101c   Section        0  ds18b20.o(.text.DS18B20_Init)
    [Anonymous Symbol]                       0x080010dc   Section        0  ds18b20.o(.text.DS18B20_Start)
    [Anonymous Symbol]                       0x0800122c   Section        0  stm32f10x_it.o(.text.DebugMon_Handler)
    [Anonymous Symbol]                       0x08001230   Section        0  debug_uart.o(.text.DebugUart_Init)
    [Anonymous Symbol]                       0x0800129c   Section        0  debug_uart.o(.text.DebugUart_SendString)
    [Anonymous Symbol]                       0x080012e4   Section        0  delay.o(.text.DelayInit)
    [Anonymous Symbol]                       0x08001328   Section        0  esp01_at.o(.text.ESP01_BasicSetup)
    ESP01_BasicSetup.baud_candidates         0x08001430   Number         0  esp01_at.o(.text.ESP01_BasicSetup)
    [Anonymous Symbol]                       0x080014b4   Section        0  esp01_at.o(.text.ESP01_ConnectWiFi)
    ESP01_DebugLogf                          0x08001571   Thumb Code    44  esp01_at.o(.text.ESP01_DebugLogf)
    [Anonymous Symbol]                       0x08001570   Section        0  esp01_at.o(.text.ESP01_DebugLogf)
    [Anonymous Symbol]                       0x0800159c   Section        0  esp01_at.o(.text.ESP01_ReportSensorsHttpGet)
    ESP01_WaitReply                          0x08001859   Thumb Code   124  esp01_at.o(.text.ESP01_WaitReply)
    [Anonymous Symbol]                       0x08001858   Section        0  esp01_at.o(.text.ESP01_WaitReply)
    [Anonymous Symbol]                       0x080018ec   Section        0  stm32f10x_gpio.o(.text.GPIO_Init)
    [Anonymous Symbol]                       0x080019ac   Section        0  stm32f10x_gpio.o(.text.GPIO_ReadOutputDataBit)
    [Anonymous Symbol]                       0x080019b8   Section        0  stm32f10x_gpio.o(.text.GPIO_ResetBits)
    [Anonymous Symbol]                       0x080019bc   Section        0  stm32f10x_gpio.o(.text.GPIO_SetBits)
    [Anonymous Symbol]                       0x080019c0   Section        0  stm32f10x_it.o(.text.HardFault_Handler)
    [Anonymous Symbol]                       0x080019c4   Section        0  stm32f10x_it.o(.text.MemManage_Handler)
    [Anonymous Symbol]                       0x080019c8   Section        0  stm32f10x_it.o(.text.NMI_Handler)
    [Anonymous Symbol]                       0x080019cc   Section        0  misc.o(.text.NVIC_Init)
    [Anonymous Symbol]                       0x08001a2c   Section        0  stm32f10x_it.o(.text.PendSV_Handler)
    [Anonymous Symbol]                       0x08001a30   Section        0  stm32f10x_rcc.o(.text.RCC_AHBPeriphClockCmd)
    [Anonymous Symbol]                       0x08001a48   Section        0  stm32f10x_rcc.o(.text.RCC_APB1PeriphClockCmd)
    [Anonymous Symbol]                       0x08001a60   Section        0  stm32f10x_rcc.o(.text.RCC_APB1PeriphResetCmd)
    [Anonymous Symbol]                       0x08001a78   Section        0  stm32f10x_rcc.o(.text.RCC_APB2PeriphClockCmd)
    [Anonymous Symbol]                       0x08001a90   Section        0  stm32f10x_rcc.o(.text.RCC_APB2PeriphResetCmd)
    [Anonymous Symbol]                       0x08001aa8   Section        0  stm32f10x_rcc.o(.text.RCC_GetClocksFreq)
    [Anonymous Symbol]                       0x08001b34   Section        0  stm32f10x_it.o(.text.SVC_Handler)
    [Anonymous Symbol]                       0x08001b38   Section        0  misc.o(.text.SysTick_CLKSourceConfig)
    [Anonymous Symbol]                       0x08001b50   Section        0  stm32f10x_it.o(.text.SysTick_Handler)
    [Anonymous Symbol]                       0x08001b54   Section        0  system_stm32f10x.o(.text.SystemInit)
    [Anonymous Symbol]                       0x08001c64   Section        0  timer.o(.text.TIM2_IRQHandler)
    [Anonymous Symbol]                       0x08001cc0   Section        0  timer.o(.text.TIM3_IRQHandler)
    [Anonymous Symbol]                       0x08001ce8   Section        0  stm32f10x_tim.o(.text.TIM_ClearITPendingBit)
    [Anonymous Symbol]                       0x08001cf0   Section        0  stm32f10x_tim.o(.text.TIM_GetITStatus)
    [Anonymous Symbol]                       0x08001d08   Section        0  usart2.o(.text.USART2_ClearRxBuffer)
    [Anonymous Symbol]                       0x08001d28   Section        0  usart2.o(.text.USART2_GetRxBuffer)
    [Anonymous Symbol]                       0x08001d34   Section        0  usart2.o(.text.USART2_IRQHandler)
    [Anonymous Symbol]                       0x08001dc0   Section        0  usart2.o(.text.USART2_SendBuffer)
    [Anonymous Symbol]                       0x08001e00   Section        0  stm32f10x_usart.o(.text.USART_ClearFlag)
    [Anonymous Symbol]                       0x08001e08   Section        0  stm32f10x_usart.o(.text.USART_Cmd)
    [Anonymous Symbol]                       0x08001e1c   Section        0  stm32f10x_usart.o(.text.USART_DeInit)
    [Anonymous Symbol]                       0x08001ecc   Section        0  stm32f10x_usart.o(.text.USART_GetFlagStatus)
    [Anonymous Symbol]                       0x08001ed8   Section        0  stm32f10x_usart.o(.text.USART_GetITStatus)
    [Anonymous Symbol]                       0x08001f08   Section        0  stm32f10x_usart.o(.text.USART_ITConfig)
    [Anonymous Symbol]                       0x08001f38   Section        0  stm32f10x_usart.o(.text.USART_Init)
    [Anonymous Symbol]                       0x08001ff0   Section        0  stm32f10x_usart.o(.text.USART_ReceiveData)
    [Anonymous Symbol]                       0x08001ff8   Section        0  stm32f10x_usart.o(.text.USART_SendData)
    [Anonymous Symbol]                       0x08002000   Section        0  stm32f10x_it.o(.text.UsageFault_Handler)
    [Anonymous Symbol]                       0x08002004   Section        0  delay.o(.text.delay_ms)
    [Anonymous Symbol]                       0x08002040   Section        0  delay.o(.text.delay_us)
    [Anonymous Symbol]                       0x0800207c   Section        0  gizwits_product.o(.text.gizTimerMs)
    [Anonymous Symbol]                       0x0800208c   Section        0  main.o(.text.main)
    [Anonymous Symbol]                       0x080025b0   Section        0  usart2.o(.text.u2_printf)
    [Anonymous Symbol]                       0x0800261c   Section        0  usart2.o(.text.usart2_init)
    i.__0snprintf                            0x080026d8   Section        0  printfa.o(i.__0snprintf)
    i.__0vsnprintf                           0x0800270c   Section        0  printfa.o(i.__0vsnprintf)
    i.__scatterload_copy                     0x08002740   Section       14  handlers.o(i.__scatterload_copy)
    i.__scatterload_null                     0x0800274e   Section        2  handlers.o(i.__scatterload_null)
    i.__scatterload_zeroinit                 0x08002750   Section       14  handlers.o(i.__scatterload_zeroinit)
    _fp_digits                               0x08002761   Thumb Code   366  printfa.o(i._fp_digits)
    i._fp_digits                             0x08002760   Section        0  printfa.o(i._fp_digits)
    _printf_core                             0x080028e5   Thumb Code  1744  printfa.o(i._printf_core)
    i._printf_core                           0x080028e4   Section        0  printfa.o(i._printf_core)
    _printf_post_padding                     0x08002fc1   Thumb Code    36  printfa.o(i._printf_post_padding)
    i._printf_post_padding                   0x08002fc0   Section        0  printfa.o(i._printf_post_padding)
    _printf_pre_padding                      0x08002fe5   Thumb Code    46  printfa.o(i._printf_pre_padding)
    i._printf_pre_padding                    0x08002fe4   Section        0  printfa.o(i._printf_pre_padding)
    _snputc                                  0x08003013   Thumb Code    22  printfa.o(i._snputc)
    i._snputc                                0x08003012   Section        0  printfa.o(i._snputc)
    ADCPrescTable                            0x08003028   Data           4  stm32f10x_rcc.o(.rodata.ADCPrescTable)
    [Anonymous Symbol]                       0x08003028   Section        0  stm32f10x_rcc.o(.rodata.ADCPrescTable)
    APBAHBPrescTable                         0x0800302c   Data          16  stm32f10x_rcc.o(.rodata.APBAHBPrescTable)
    [Anonymous Symbol]                       0x0800302c   Section        0  stm32f10x_rcc.o(.rodata.APBAHBPrescTable)
    .L.str.3                                 0x0800303c   Data          86  main.o(.rodata.str1.1)
    [Anonymous Symbol]                       0x0800303c   Section        0  main.o(.rodata.str1.1)
    .L.str.20                                0x08003092   Data          94  esp01_at.o(.rodata.str1.1)
    [Anonymous Symbol]                       0x08003092   Section        0  esp01_at.o(.rodata.str1.1)
    .L.str.8                                 0x080030f0   Data          51  esp01_at.o(.rodata.str1.1)
    .L.str.28                                0x08003123   Data           5  esp01_at.o(.rodata.str1.1)
    .L.str.15                                0x08003128   Data          12  esp01_at.o(.rodata.str1.1)
    .L.str.17                                0x08003134   Data          12  esp01_at.o(.rodata.str1.1)
    .L.str.2                                 0x08003140   Data           3  esp01_at.o(.rodata.str1.1)
    fac_ms                                   0x20000600   Data           2  delay.o(.bss.fac_ms)
    [Anonymous Symbol]                       0x20000600   Section        0  delay.o(.bss.fac_ms)
    fac_us                                   0x20000602   Data           1  delay.o(.bss.fac_us)
    [Anonymous Symbol]                       0x20000602   Section        0  delay.o(.bss.fac_us)
    timerMsCount                             0x2000060c   Data           4  gizwits_product.o(.bss.timerMsCount)
    [Anonymous Symbol]                       0x2000060c   Section        0  gizwits_product.o(.bss.timerMsCount)
    STACK                                    0x20000618   Section     1024  startup_stm32f10x_hd.o(STACK)

    Global Symbols

    Symbol Name                              Value     Ov Type        Size  Object(Section)

    BuildAttributes$$THM_ISAv4$P$D$K$B$S$PE$A:L22UL41UL21$X:L11$S22US41US21$IEEE1$IW$~IW$USESV6$~STKCKD$USESV7$~SHL$OTIME$ROPI$EBA8$MICROLIB$REQ8$PRES8$EABIv2 0x00000000   Number         0  anon$$obj.o ABSOLUTE
    _printf_a                                0x00000000   Number         0  printfstubs.o ABSOLUTE
    _printf_c                                0x00000000   Number         0  printfstubs.o ABSOLUTE
    _printf_charcount                        0x00000000   Number         0  printfstubs.o ABSOLUTE
    _printf_d                                0x00000000   Number         0  printfstubs.o ABSOLUTE
    _printf_e                                0x00000000   Number         0  printfstubs.o ABSOLUTE
    _printf_f                                0x00000000   Number         0  printfstubs.o ABSOLUTE
    _printf_flags                            0x00000000   Number         0  printfstubs.o ABSOLUTE
    _printf_fp_dec                           0x00000000   Number         0  printfstubs.o ABSOLUTE
    _printf_fp_hex                           0x00000000   Number         0  printfstubs.o ABSOLUTE
    _printf_g                                0x00000000   Number         0  printfstubs.o ABSOLUTE
    _printf_i                                0x00000000   Number         0  printfstubs.o ABSOLUTE
    _printf_int_dec                          0x00000000   Number         0  printfstubs.o ABSOLUTE
    _printf_l                                0x00000000   Number         0  printfstubs.o ABSOLUTE
    _printf_lc                               0x00000000   Number         0  printfstubs.o ABSOLUTE
    _printf_ll                               0x00000000   Number         0  printfstubs.o ABSOLUTE
    _printf_lld                              0x00000000   Number         0  printfstubs.o ABSOLUTE
    _printf_lli                              0x00000000   Number         0  printfstubs.o ABSOLUTE
    _printf_llo                              0x00000000   Number         0  printfstubs.o ABSOLUTE
    _printf_llu                              0x00000000   Number         0  printfstubs.o ABSOLUTE
    _printf_llx                              0x00000000   Number         0  printfstubs.o ABSOLUTE
    _printf_longlong_dec                     0x00000000   Number         0  printfstubs.o ABSOLUTE
    _printf_longlong_hex                     0x00000000   Number         0  printfstubs.o ABSOLUTE
    _printf_longlong_oct                     0x00000000   Number         0  printfstubs.o ABSOLUTE
    _printf_ls                               0x00000000   Number         0  printfstubs.o ABSOLUTE
    _printf_mbtowc                           0x00000000   Number         0  printfstubs.o ABSOLUTE
    _printf_n                                0x00000000   Number         0  printfstubs.o ABSOLUTE
    _printf_o                                0x00000000   Number         0  printfstubs.o ABSOLUTE
    _printf_p                                0x00000000   Number         0  printfstubs.o ABSOLUTE
    _printf_percent                          0x00000000   Number         0  printfstubs.o ABSOLUTE
    _printf_pre_padding                      0x00000000   Number         0  printfstubs.o ABSOLUTE
    _printf_return_value                     0x00000000   Number         0  printfstubs.o ABSOLUTE
    _printf_s                                0x00000000   Number         0  printfstubs.o ABSOLUTE
    _printf_sizespec                         0x00000000   Number         0  printfstubs.o ABSOLUTE
    _printf_str                              0x00000000   Number         0  printfstubs.o ABSOLUTE
    _printf_truncate_signed                  0x00000000   Number         0  printfstubs.o ABSOLUTE
    _printf_truncate_unsigned                0x00000000   Number         0  printfstubs.o ABSOLUTE
    _printf_u                                0x00000000   Number         0  printfstubs.o ABSOLUTE
    _printf_wc                               0x00000000   Number         0  printfstubs.o ABSOLUTE
    _printf_wctomb                           0x00000000   Number         0  printfstubs.o ABSOLUTE
    _printf_widthprec                        0x00000000   Number         0  printfstubs.o ABSOLUTE
    _printf_x                                0x00000000   Number         0  printfstubs.o ABSOLUTE
    __cpp_initialize__aeabi_                  - Undefined Weak Reference
    __cxa_finalize                            - Undefined Weak Reference
    __decompress                              - Undefined Weak Reference
    _clock_init                               - Undefined Weak Reference
    _microlib_exit                            - Undefined Weak Reference
    __Vectors_Size                           0x00000130   Number         0  startup_stm32f10x_hd.o ABSOLUTE
    __Vectors                                0x08000000   Data           4  startup_stm32f10x_hd.o(RESET)
    __Vectors_End                            0x08000130   Data           0  startup_stm32f10x_hd.o(RESET)
    __main                                   0x08000131   Thumb Code     0  entry.o(.ARM.Collect$$$$00000000)
    _main_stk                                0x08000131   Thumb Code     0  entry2.o(.ARM.Collect$$$$00000001)
    _main_scatterload                        0x08000135   Thumb Code     0  entry5.o(.ARM.Collect$$$$00000004)
    __main_after_scatterload                 0x08000139   Thumb Code     0  entry5.o(.ARM.Collect$$$$00000004)
    _main_clock                              0x08000139   Thumb Code     0  entry7b.o(.ARM.Collect$$$$00000008)
    _main_cpp_init                           0x08000139   Thumb Code     0  entry8b.o(.ARM.Collect$$$$0000000A)
    _main_init                               0x08000139   Thumb Code     0  entry9a.o(.ARM.Collect$$$$0000000B)
    __rt_final_cpp                           0x08000141   Thumb Code     0  entry10a.o(.ARM.Collect$$$$0000000D)
    __rt_final_exit                          0x08000141   Thumb Code     0  entry11a.o(.ARM.Collect$$$$0000000F)
    Reset_Handler                            0x08000145   Thumb Code     8  startup_stm32f10x_hd.o(.text)
    ADC1_2_IRQHandler                        0x0800015f   Thumb Code     0  startup_stm32f10x_hd.o(.text)
    ADC3_IRQHandler                          0x0800015f   Thumb Code     0  startup_stm32f10x_hd.o(.text)
    CAN1_RX1_IRQHandler                      0x0800015f   Thumb Code     0  startup_stm32f10x_hd.o(.text)
    CAN1_SCE_IRQHandler                      0x0800015f   Thumb Code     0  startup_stm32f10x_hd.o(.text)
    DMA1_Channel1_IRQHandler                 0x0800015f   Thumb Code     0  startup_stm32f10x_hd.o(.text)
    DMA1_Channel2_IRQHandler                 0x0800015f   Thumb Code     0  startup_stm32f10x_hd.o(.text)
    DMA1_Channel3_IRQHandler                 0x0800015f   Thumb Code     0  startup_stm32f10x_hd.o(.text)
    DMA1_Channel4_IRQHandler                 0x0800015f   Thumb Code     0  startup_stm32f10x_hd.o(.text)
    DMA1_Channel5_IRQHandler                 0x0800015f   Thumb Code     0  startup_stm32f10x_hd.o(.text)
    DMA1_Channel6_IRQHandler                 0x0800015f   Thumb Code     0  startup_stm32f10x_hd.o(.text)
    DMA1_Channel7_IRQHandler                 0x0800015f   Thumb Code     0  startup_stm32f10x_hd.o(.text)
    DMA2_Channel1_IRQHandler                 0x0800015f   Thumb Code     0  startup_stm32f10x_hd.o(.text)
    DMA2_Channel2_IRQHandler                 0x0800015f   Thumb Code     0  startup_stm32f10x_hd.o(.text)
    DMA2_Channel3_IRQHandler                 0x0800015f   Thumb Code     0  startup_stm32f10x_hd.o(.text)
    DMA2_Channel4_5_IRQHandler               0x0800015f   Thumb Code     0  startup_stm32f10x_hd.o(.text)
    EXTI0_IRQHandler                         0x0800015f   Thumb Code     0  startup_stm32f10x_hd.o(.text)
    EXTI15_10_IRQHandler                     0x0800015f   Thumb Code     0  startup_stm32f10x_hd.o(.text)
    EXTI1_IRQHandler                         0x0800015f   Thumb Code     0  startup_stm32f10x_hd.o(.text)
    EXTI2_IRQHandler                         0x0800015f   Thumb Code     0  startup_stm32f10x_hd.o(.text)
    EXTI3_IRQHandler                         0x0800015f   Thumb Code     0  startup_stm32f10x_hd.o(.text)
    EXTI4_IRQHandler                         0x0800015f   Thumb Code     0  startup_stm32f10x_hd.o(.text)
    EXTI9_5_IRQHandler                       0x0800015f   Thumb Code     0  startup_stm32f10x_hd.o(.text)
    FLASH_IRQHandler                         0x0800015f   Thumb Code     0  startup_stm32f10x_hd.o(.text)
    FSMC_IRQHandler                          0x0800015f   Thumb Code     0  startup_stm32f10x_hd.o(.text)
    I2C1_ER_IRQHandler                       0x0800015f   Thumb Code     0  startup_stm32f10x_hd.o(.text)
    I2C1_EV_IRQHandler                       0x0800015f   Thumb Code     0  startup_stm32f10x_hd.o(.text)
    I2C2_ER_IRQHandler                       0x0800015f   Thumb Code     0  startup_stm32f10x_hd.o(.text)
    I2C2_EV_IRQHandler                       0x0800015f   Thumb Code     0  startup_stm32f10x_hd.o(.text)
    PVD_IRQHandler                           0x0800015f   Thumb Code     0  startup_stm32f10x_hd.o(.text)
    RCC_IRQHandler                           0x0800015f   Thumb Code     0  startup_stm32f10x_hd.o(.text)
    RTCAlarm_IRQHandler                      0x0800015f   Thumb Code     0  startup_stm32f10x_hd.o(.text)
    RTC_IRQHandler                           0x0800015f   Thumb Code     0  startup_stm32f10x_hd.o(.text)
    SDIO_IRQHandler                          0x0800015f   Thumb Code     0  startup_stm32f10x_hd.o(.text)
    SPI1_IRQHandler                          0x0800015f   Thumb Code     0  startup_stm32f10x_hd.o(.text)
    SPI2_IRQHandler                          0x0800015f   Thumb Code     0  startup_stm32f10x_hd.o(.text)
    SPI3_IRQHandler                          0x0800015f   Thumb Code     0  startup_stm32f10x_hd.o(.text)
    TAMPER_IRQHandler                        0x0800015f   Thumb Code     0  startup_stm32f10x_hd.o(.text)
    TIM1_BRK_IRQHandler                      0x0800015f   Thumb Code     0  startup_stm32f10x_hd.o(.text)
    TIM1_CC_IRQHandler                       0x0800015f   Thumb Code     0  startup_stm32f10x_hd.o(.text)
    TIM1_TRG_COM_IRQHandler                  0x0800015f   Thumb Code     0  startup_stm32f10x_hd.o(.text)
    TIM1_UP_IRQHandler                       0x0800015f   Thumb Code     0  startup_stm32f10x_hd.o(.text)
    TIM4_IRQHandler                          0x0800015f   Thumb Code     0  startup_stm32f10x_hd.o(.text)
    TIM5_IRQHandler                          0x0800015f   Thumb Code     0  startup_stm32f10x_hd.o(.text)
    TIM6_IRQHandler                          0x0800015f   Thumb Code     0  startup_stm32f10x_hd.o(.text)
    TIM7_IRQHandler                          0x0800015f   Thumb Code     0  startup_stm32f10x_hd.o(.text)
    TIM8_BRK_IRQHandler                      0x0800015f   Thumb Code     0  startup_stm32f10x_hd.o(.text)
    TIM8_CC_IRQHandler                       0x0800015f   Thumb Code     0  startup_stm32f10x_hd.o(.text)
    TIM8_TRG_COM_IRQHandler                  0x0800015f   Thumb Code     0  startup_stm32f10x_hd.o(.text)
    TIM8_UP_IRQHandler                       0x0800015f   Thumb Code     0  startup_stm32f10x_hd.o(.text)
    UART4_IRQHandler                         0x0800015f   Thumb Code     0  startup_stm32f10x_hd.o(.text)
    UART5_IRQHandler                         0x0800015f   Thumb Code     0  startup_stm32f10x_hd.o(.text)
    USART1_IRQHandler                        0x0800015f   Thumb Code     0  startup_stm32f10x_hd.o(.text)
    USART3_IRQHandler                        0x0800015f   Thumb Code     0  startup_stm32f10x_hd.o(.text)
    USBWakeUp_IRQHandler                     0x0800015f   Thumb Code     0  startup_stm32f10x_hd.o(.text)
    USB_HP_CAN1_TX_IRQHandler                0x0800015f   Thumb Code     0  startup_stm32f10x_hd.o(.text)
    USB_LP_CAN1_RX0_IRQHandler               0x0800015f   Thumb Code     0  startup_stm32f10x_hd.o(.text)
    WWDG_IRQHandler                          0x0800015f   Thumb Code     0  startup_stm32f10x_hd.o(.text)
    __aeabi_memset                           0x08000169   Thumb Code    14  memseta.o(.text)
    __aeabi_memset4                          0x08000169   Thumb Code     0  memseta.o(.text)
    __aeabi_memset8                          0x08000169   Thumb Code     0  memseta.o(.text)
    __aeabi_memclr                           0x08000177   Thumb Code     4  memseta.o(.text)
    __aeabi_memclr4                          0x08000177   Thumb Code     0  memseta.o(.text)
    __aeabi_memclr8                          0x08000177   Thumb Code     0  memseta.o(.text)
    _memset$wrapper                          0x0800017b   Thumb Code    18  memseta.o(.text)
    strstr                                   0x0800018d   Thumb Code    36  strstr.o(.text)
    strlen                                   0x080001b1   Thumb Code    14  strlen.o(.text)
    __aeabi_fadd                             0x080001bf   Thumb Code   164  fadd.o(.text)
    __aeabi_fsub                             0x08000263   Thumb Code     6  fadd.o(.text)
    __aeabi_frsub                            0x08000269   Thumb Code     6  fadd.o(.text)
    __aeabi_fmul                             0x0800026f   Thumb Code   100  fmul.o(.text)
    __aeabi_fdiv                             0x080002d3   Thumb Code   124  fdiv.o(.text)
    __aeabi_dmul                             0x0800034f   Thumb Code   228  dmul.o(.text)
    __aeabi_fcmplt                           0x08000433   Thumb Code    28  fcmplt.o(.text)
    __aeabi_fcmpgt                           0x0800044f   Thumb Code    28  fcmpgt.o(.text)
    __aeabi_ui2f                             0x0800046b   Thumb Code    10  ffltui.o(.text)
    __aeabi_i2d                              0x08000475   Thumb Code    34  dflti.o(.text)
    __aeabi_f2iz                             0x08000497   Thumb Code    50  ffixi.o(.text)
    __aeabi_f2uiz                            0x080004c9   Thumb Code    40  ffixui.o(.text)
    __aeabi_d2iz                             0x080004f1   Thumb Code    62  dfixi.o(.text)
    __aeabi_uidiv                            0x0800052f   Thumb Code     0  uidiv.o(.text)
    __aeabi_uidivmod                         0x0800052f   Thumb Code    44  uidiv.o(.text)
    __aeabi_uldivmod                         0x0800055b   Thumb Code    98  uldiv.o(.text)
    __aeabi_llsr                             0x080005bd   Thumb Code    32  llushr.o(.text)
    _ll_ushift_r                             0x080005bd   Thumb Code     0  llushr.o(.text)
    __I$use$fp                               0x080005dd   Thumb Code     0  iusefp.o(.text)
    _float_round                             0x080005dd   Thumb Code    18  fepilogue.o(.text)
    _float_epilogue                          0x080005ef   Thumb Code    92  fepilogue.o(.text)
    _double_round                            0x0800064b   Thumb Code    30  depilogue.o(.text)
    _double_epilogue                         0x08000669   Thumb Code   156  depilogue.o(.text)
    __aeabi_dadd                             0x08000705   Thumb Code   322  dadd.o(.text)
    __aeabi_dsub                             0x08000847   Thumb Code     6  dadd.o(.text)
    __aeabi_drsub                            0x0800084d   Thumb Code     6  dadd.o(.text)
    __aeabi_ddiv                             0x08000853   Thumb Code   222  ddiv.o(.text)
    __aeabi_d2ulz                            0x08000931   Thumb Code    48  dfixul.o(.text)
    __aeabi_cdrcmple                         0x08000961   Thumb Code    48  cdrcmple.o(.text)
    __scatterload                            0x08000991   Thumb Code    38  init.o(.text)
    __scatterload_rt2                        0x08000991   Thumb Code     0  init.o(.text)
    __aeabi_llsl                             0x080009c1   Thumb Code    30  llshl.o(.text)
    _ll_shift_l                              0x080009c1   Thumb Code     0  llshl.o(.text)
    __aeabi_lasr                             0x080009df   Thumb Code    36  llsshr.o(.text)
    _ll_sshift_r                             0x080009df   Thumb Code     0  llsshr.o(.text)
    ADC1_DMA_Config                          0x08000a05   Thumb Code   274  adc.o(.text.ADC1_DMA_Config)
    ADC_Cmd                                  0x08000b19   Thumb Code    16  stm32f10x_adc.o(.text.ADC_Cmd)
    ADC_DMACmd                               0x08000b29   Thumb Code    18  stm32f10x_adc.o(.text.ADC_DMACmd)
    ADC_GetCalibrationStatus                 0x08000b3d   Thumb Code     8  stm32f10x_adc.o(.text.ADC_GetCalibrationStatus)
    ADC_GetResetCalibrationStatus            0x08000b45   Thumb Code     8  stm32f10x_adc.o(.text.ADC_GetResetCalibrationStatus)
    ADC_Init                                 0x08000b4d   Thumb Code    82  stm32f10x_adc.o(.text.ADC_Init)
    ADC_RegularChannelConfig                 0x08000ba1   Thumb Code    96  stm32f10x_adc.o(.text.ADC_RegularChannelConfig)
    ADC_ResetCalibration                     0x08000c01   Thumb Code    10  stm32f10x_adc.o(.text.ADC_ResetCalibration)
    ADC_SoftwareStartConvCmd                 0x08000c0d   Thumb Code    18  stm32f10x_adc.o(.text.ADC_SoftwareStartConvCmd)
    ADC_StartCalibration                     0x08000c21   Thumb Code    10  stm32f10x_adc.o(.text.ADC_StartCalibration)
    BusFault_Handler                         0x08000c2d   Thumb Code     2  stm32f10x_it.o(.text.BusFault_Handler)
    DMA_Cmd                                  0x08000c31   Thumb Code    22  stm32f10x_dma.o(.text.DMA_Cmd)
    DMA_DeInit                               0x08000c49   Thumb Code   268  stm32f10x_dma.o(.text.DMA_DeInit)
    DMA_ITConfig                             0x08000d55   Thumb Code    16  stm32f10x_dma.o(.text.DMA_ITConfig)
    DMA_Init                                 0x08000d65   Thumb Code    72  stm32f10x_dma.o(.text.DMA_Init)
    DS18B20_Get_Temp                         0x08000dad   Thumb Code   622  ds18b20.o(.text.DS18B20_Get_Temp)
    DS18B20_Init                             0x0800101d   Thumb Code   192  ds18b20.o(.text.DS18B20_Init)
    DS18B20_Start                            0x080010dd   Thumb Code   334  ds18b20.o(.text.DS18B20_Start)
    DebugMon_Handler                         0x0800122d   Thumb Code     2  stm32f10x_it.o(.text.DebugMon_Handler)
    DebugUart_Init                           0x08001231   Thumb Code   106  debug_uart.o(.text.DebugUart_Init)
    DebugUart_SendString                     0x0800129d   Thumb Code    70  debug_uart.o(.text.DebugUart_SendString)
    DelayInit                                0x080012e5   Thumb Code    66  delay.o(.text.DelayInit)
    ESP01_BasicSetup                         0x08001329   Thumb Code   264  esp01_at.o(.text.ESP01_BasicSetup)
    ESP01_ConnectWiFi                        0x080014b5   Thumb Code    88  esp01_at.o(.text.ESP01_ConnectWiFi)
    ESP01_ReportSensorsHttpGet               0x0800159d   Thumb Code   544  esp01_at.o(.text.ESP01_ReportSensorsHttpGet)
    GPIO_Init                                0x080018ed   Thumb Code   192  stm32f10x_gpio.o(.text.GPIO_Init)
    GPIO_ReadOutputDataBit                   0x080019ad   Thumb Code    10  stm32f10x_gpio.o(.text.GPIO_ReadOutputDataBit)
    GPIO_ResetBits                           0x080019b9   Thumb Code     4  stm32f10x_gpio.o(.text.GPIO_ResetBits)
    GPIO_SetBits                             0x080019bd   Thumb Code     4  stm32f10x_gpio.o(.text.GPIO_SetBits)
    HardFault_Handler                        0x080019c1   Thumb Code     2  stm32f10x_it.o(.text.HardFault_Handler)
    MemManage_Handler                        0x080019c5   Thumb Code     2  stm32f10x_it.o(.text.MemManage_Handler)
    NMI_Handler                              0x080019c9   Thumb Code     2  stm32f10x_it.o(.text.NMI_Handler)
    NVIC_Init                                0x080019cd   Thumb Code    94  misc.o(.text.NVIC_Init)
    PendSV_Handler                           0x08001a2d   Thumb Code     2  stm32f10x_it.o(.text.PendSV_Handler)
    RCC_AHBPeriphClockCmd                    0x08001a31   Thumb Code    24  stm32f10x_rcc.o(.text.RCC_AHBPeriphClockCmd)
    RCC_APB1PeriphClockCmd                   0x08001a49   Thumb Code    24  stm32f10x_rcc.o(.text.RCC_APB1PeriphClockCmd)
    RCC_APB1PeriphResetCmd                   0x08001a61   Thumb Code    24  stm32f10x_rcc.o(.text.RCC_APB1PeriphResetCmd)
    RCC_APB2PeriphClockCmd                   0x08001a79   Thumb Code    24  stm32f10x_rcc.o(.text.RCC_APB2PeriphClockCmd)
    RCC_APB2PeriphResetCmd                   0x08001a91   Thumb Code    24  stm32f10x_rcc.o(.text.RCC_APB2PeriphResetCmd)
    RCC_GetClocksFreq                        0x08001aa9   Thumb Code   140  stm32f10x_rcc.o(.text.RCC_GetClocksFreq)
    SVC_Handler                              0x08001b35   Thumb Code     2  stm32f10x_it.o(.text.SVC_Handler)
    SysTick_CLKSourceConfig                  0x08001b39   Thumb Code    24  misc.o(.text.SysTick_CLKSourceConfig)
    SysTick_Handler                          0x08001b51   Thumb Code     2  stm32f10x_it.o(.text.SysTick_Handler)
    SystemInit                               0x08001b55   Thumb Code   272  system_stm32f10x.o(.text.SystemInit)
    TIM2_IRQHandler                          0x08001c65   Thumb Code    90  timer.o(.text.TIM2_IRQHandler)
    TIM3_IRQHandler                          0x08001cc1   Thumb Code    40  timer.o(.text.TIM3_IRQHandler)
    TIM_ClearITPendingBit                    0x08001ce9   Thumb Code     6  stm32f10x_tim.o(.text.TIM_ClearITPendingBit)
    TIM_GetITStatus                          0x08001cf1   Thumb Code    24  stm32f10x_tim.o(.text.TIM_GetITStatus)
    USART2_ClearRxBuffer                     0x08001d09   Thumb Code    32  usart2.o(.text.USART2_ClearRxBuffer)
    USART2_GetRxBuffer                       0x08001d29   Thumb Code    10  usart2.o(.text.USART2_GetRxBuffer)
    USART2_IRQHandler                        0x08001d35   Thumb Code   138  usart2.o(.text.USART2_IRQHandler)
    USART2_SendBuffer                        0x08001dc1   Thumb Code    64  usart2.o(.text.USART2_SendBuffer)
    USART_ClearFlag                          0x08001e01   Thumb Code     6  stm32f10x_usart.o(.text.USART_ClearFlag)
    USART_Cmd                                0x08001e09   Thumb Code    20  stm32f10x_usart.o(.text.USART_Cmd)
    USART_DeInit                             0x08001e1d   Thumb Code   174  stm32f10x_usart.o(.text.USART_DeInit)
    USART_GetFlagStatus                      0x08001ecd   Thumb Code    10  stm32f10x_usart.o(.text.USART_GetFlagStatus)
    USART_GetITStatus                        0x08001ed9   Thumb Code    48  stm32f10x_usart.o(.text.USART_GetITStatus)
    USART_ITConfig                           0x08001f09   Thumb Code    46  stm32f10x_usart.o(.text.USART_ITConfig)
    USART_Init                               0x08001f39   Thumb Code   182  stm32f10x_usart.o(.text.USART_Init)
    USART_ReceiveData                        0x08001ff1   Thumb Code     8  stm32f10x_usart.o(.text.USART_ReceiveData)
    USART_SendData                           0x08001ff9   Thumb Code     8  stm32f10x_usart.o(.text.USART_SendData)
    UsageFault_Handler                       0x08002001   Thumb Code     2  stm32f10x_it.o(.text.UsageFault_Handler)
    delay_ms                                 0x08002005   Thumb Code    60  delay.o(.text.delay_ms)
    delay_us                                 0x08002041   Thumb Code    60  delay.o(.text.delay_us)
    gizTimerMs                               0x0800207d   Thumb Code    16  gizwits_product.o(.text.gizTimerMs)
    main                                     0x0800208d   Thumb Code  1240  main.o(.text.main)
    u2_printf                                0x080025b1   Thumb Code   106  usart2.o(.text.u2_printf)
    usart2_init                              0x0800261d   Thumb Code   186  usart2.o(.text.usart2_init)
    __0snprintf                              0x080026d9   Thumb Code    48  printfa.o(i.__0snprintf)
    __1snprintf                              0x080026d9   Thumb Code     0  printfa.o(i.__0snprintf)
    __2snprintf                              0x080026d9   Thumb Code     0  printfa.o(i.__0snprintf)
    __c89snprintf                            0x080026d9   Thumb Code     0  printfa.o(i.__0snprintf)
    snprintf                                 0x080026d9   Thumb Code     0  printfa.o(i.__0snprintf)
    __0vsnprintf                             0x0800270d   Thumb Code    46  printfa.o(i.__0vsnprintf)
    __1vsnprintf                             0x0800270d   Thumb Code     0  printfa.o(i.__0vsnprintf)
    __2vsnprintf                             0x0800270d   Thumb Code     0  printfa.o(i.__0vsnprintf)
    __c89vsnprintf                           0x0800270d   Thumb Code     0  printfa.o(i.__0vsnprintf)
    vsnprintf                                0x0800270d   Thumb Code     0  printfa.o(i.__0vsnprintf)
    __scatterload_copy                       0x08002741   Thumb Code    14  handlers.o(i.__scatterload_copy)
    __scatterload_null                       0x0800274f   Thumb Code     2  handlers.o(i.__scatterload_null)
    __scatterload_zeroinit                   0x08002751   Thumb Code    14  handlers.o(i.__scatterload_zeroinit)
    Region$$Table$$Base                      0x08003144   Number         0  anon$$obj.o(Region$$Table)
    Region$$Table$$Limit                     0x08003164   Number         0  anon$$obj.o(Region$$Table)
    SystemCoreClock                          0x20000000   Data           4  system_stm32f10x.o(.data.SystemCoreClock)
    ADCConvertedValue                        0x20000008   Data           8  adc.o(.bss.ADCConvertedValue)
    PH                                       0x20000010   Data           4  main.o(.bss.PH)
    PH_temp                                  0x20000014   Data           4  main.o(.bss.PH_temp)
    PH_voltage                               0x20000018   Data           4  main.o(.bss.PH_voltage)
    TDS_DAT                                  0x2000001c   Data           4  main.o(.bss.TDS_DAT)
    USART2_RX_BUF                            0x20000020   Data        1000  usart2.o(.bss.USART2_RX_BUF)
    USART2_RX_STA                            0x20000408   Data           2  usart2.o(.bss.USART2_RX_STA)
    USART2_TX_BUF                            0x2000040a   Data         500  usart2.o(.bss.USART2_TX_BUF)
    b_1s                                     0x200005fe   Data           1  main.o(.bss.b_1s)
    eer_f                                    0x200005ff   Data           1  main.o(.bss.eer_f)
    temperature                              0x20000604   Data           2  main.o(.bss.temperature)
    temperature_temp                         0x20000608   Data           4  main.o(.bss.temperature_temp)
    turbidity                                0x20000610   Data           4  main.o(.bss.turbidity)
    turbidity_temp                           0x20000614   Data           4  main.o(.bss.turbidity_temp)
    __initial_sp                             0x20000a18   Data           0  startup_stm32f10x_hd.o(STACK)



==============================================================================

Memory Map of the image

  Image Entry point : 0x08000131

  Load Region LR_IROM1 (Base: 0x08000000, Size: 0x00003170, Max: 0x00010000, ABSOLUTE)

    Execution Region ER_IROM1 (Exec base: 0x08000000, Load base: 0x08000000, Size: 0x00003164, Max: 0x00010000, ABSOLUTE)

    Exec Addr    Load Addr    Size         Type   Attr      Idx    E Section Name        Object

    0x08000000   0x08000000   0x00000130   Data   RO         1441    RESET               startup_stm32f10x_hd.o
    0x08000130   0x08000130   0x00000000   Code   RO         1610  * .ARM.Collect$$$$00000000  mc_w.l(entry.o)
    0x08000130   0x08000130   0x00000004   Code   RO         1910    .ARM.Collect$$$$00000001  mc_w.l(entry2.o)
    0x08000134   0x08000134   0x00000004   Code   RO         1913    .ARM.Collect$$$$00000004  mc_w.l(entry5.o)
    0x08000138   0x08000138   0x00000000   Code   RO         1915    .ARM.Collect$$$$00000008  mc_w.l(entry7b.o)
    0x08000138   0x08000138   0x00000000   Code   RO         1917    .ARM.Collect$$$$0000000A  mc_w.l(entry8b.o)
    0x08000138   0x08000138   0x00000008   Code   RO         1918    .ARM.Collect$$$$0000000B  mc_w.l(entry9a.o)
    0x08000140   0x08000140   0x00000000   Code   RO         1920    .ARM.Collect$$$$0000000D  mc_w.l(entry10a.o)
    0x08000140   0x08000140   0x00000000   Code   RO         1922    .ARM.Collect$$$$0000000F  mc_w.l(entry11a.o)
    0x08000140   0x08000140   0x00000004   Code   RO         1911    .ARM.Collect$$$$00002712  mc_w.l(entry2.o)
    0x08000144   0x08000144   0x00000024   Code   RO         1442    .text               startup_stm32f10x_hd.o
    0x08000168   0x08000168   0x00000024   Code   RO         1617    .text               mc_w.l(memseta.o)
    0x0800018c   0x0800018c   0x00000024   Code   RO         1619    .text               mc_w.l(strstr.o)
    0x080001b0   0x080001b0   0x0000000e   Code   RO         1621    .text               mc_w.l(strlen.o)
    0x080001be   0x080001be   0x000000b0   Code   RO         1886    .text               mf_w.l(fadd.o)
    0x0800026e   0x0800026e   0x00000064   Code   RO         1888    .text               mf_w.l(fmul.o)
    0x080002d2   0x080002d2   0x0000007c   Code   RO         1890    .text               mf_w.l(fdiv.o)
    0x0800034e   0x0800034e   0x000000e4   Code   RO         1892    .text               mf_w.l(dmul.o)
    0x08000432   0x08000432   0x0000001c   Code   RO         1894    .text               mf_w.l(fcmplt.o)
    0x0800044e   0x0800044e   0x0000001c   Code   RO         1896    .text               mf_w.l(fcmpgt.o)
    0x0800046a   0x0800046a   0x0000000a   Code   RO         1900    .text               mf_w.l(ffltui.o)
    0x08000474   0x08000474   0x00000022   Code   RO         1902    .text               mf_w.l(dflti.o)
    0x08000496   0x08000496   0x00000032   Code   RO         1904    .text               mf_w.l(ffixi.o)
    0x080004c8   0x080004c8   0x00000028   Code   RO         1906    .text               mf_w.l(ffixui.o)
    0x080004f0   0x080004f0   0x0000003e   Code   RO         1908    .text               mf_w.l(dfixi.o)
    0x0800052e   0x0800052e   0x0000002c   Code   RO         1938    .text               mc_w.l(uidiv.o)
    0x0800055a   0x0800055a   0x00000062   Code   RO         1940    .text               mc_w.l(uldiv.o)
    0x080005bc   0x080005bc   0x00000020   Code   RO         1942    .text               mc_w.l(llushr.o)
    0x080005dc   0x080005dc   0x00000000   Code   RO         1944    .text               mc_w.l(iusefp.o)
    0x080005dc   0x080005dc   0x0000006e   Code   RO         1945    .text               mf_w.l(fepilogue.o)
    0x0800064a   0x0800064a   0x000000ba   Code   RO         1947    .text               mf_w.l(depilogue.o)
    0x08000704   0x08000704   0x0000014e   Code   RO         1949    .text               mf_w.l(dadd.o)
    0x08000852   0x08000852   0x000000de   Code   RO         1951    .text               mf_w.l(ddiv.o)
    0x08000930   0x08000930   0x00000030   Code   RO         1953    .text               mf_w.l(dfixul.o)
    0x08000960   0x08000960   0x00000030   Code   RO         1955    .text               mf_w.l(cdrcmple.o)
    0x08000990   0x08000990   0x00000030   Code   RO         1957    .text               mc_w.l(init.o)
    0x080009c0   0x080009c0   0x0000001e   Code   RO         1960    .text               mc_w.l(llshl.o)
    0x080009de   0x080009de   0x00000024   Code   RO         1962    .text               mc_w.l(llsshr.o)
    0x08000a02   0x08000a02   0x00000002   PAD
    0x08000a04   0x08000a04   0x00000112   Code   RO          201    .text.ADC1_DMA_Config  adc.o
    0x08000b16   0x08000b16   0x00000002   PAD
    0x08000b18   0x08000b18   0x00000010   Code   RO          472    .text.ADC_Cmd       stm32f10x_adc.o
    0x08000b28   0x08000b28   0x00000012   Code   RO          474    .text.ADC_DMACmd    stm32f10x_adc.o
    0x08000b3a   0x08000b3a   0x00000002   PAD
    0x08000b3c   0x08000b3c   0x00000008   Code   RO          484    .text.ADC_GetCalibrationStatus  stm32f10x_adc.o
    0x08000b44   0x08000b44   0x00000008   Code   RO          480    .text.ADC_GetResetCalibrationStatus  stm32f10x_adc.o
    0x08000b4c   0x08000b4c   0x00000052   Code   RO          468    .text.ADC_Init      stm32f10x_adc.o
    0x08000b9e   0x08000b9e   0x00000002   PAD
    0x08000ba0   0x08000ba0   0x00000060   Code   RO          494    .text.ADC_RegularChannelConfig  stm32f10x_adc.o
    0x08000c00   0x08000c00   0x0000000a   Code   RO          478    .text.ADC_ResetCalibration  stm32f10x_adc.o
    0x08000c0a   0x08000c0a   0x00000002   PAD
    0x08000c0c   0x08000c0c   0x00000012   Code   RO          486    .text.ADC_SoftwareStartConvCmd  stm32f10x_adc.o
    0x08000c1e   0x08000c1e   0x00000002   PAD
    0x08000c20   0x08000c20   0x0000000a   Code   RO          482    .text.ADC_StartCalibration  stm32f10x_adc.o
    0x08000c2a   0x08000c2a   0x00000002   PAD
    0x08000c2c   0x08000c2c   0x00000002   Code   RO           34    .text.BusFault_Handler  stm32f10x_it.o
    0x08000c2e   0x08000c2e   0x00000002   PAD
    0x08000c30   0x08000c30   0x00000016   Code   RO          732    .text.DMA_Cmd       stm32f10x_dma.o
    0x08000c46   0x08000c46   0x00000002   PAD
    0x08000c48   0x08000c48   0x0000010c   Code   RO          726    .text.DMA_DeInit    stm32f10x_dma.o
    0x08000d54   0x08000d54   0x00000010   Code   RO          734    .text.DMA_ITConfig  stm32f10x_dma.o
    0x08000d64   0x08000d64   0x00000048   Code   RO          728    .text.DMA_Init      stm32f10x_dma.o
    0x08000dac   0x08000dac   0x0000026e   Code   RO          224    .text.DS18B20_Get_Temp  ds18b20.o
    0x0800101a   0x0800101a   0x00000002   PAD
    0x0800101c   0x0800101c   0x000000c0   Code   RO          222    .text.DS18B20_Init  ds18b20.o
    0x080010dc   0x080010dc   0x0000014e   Code   RO          220    .text.DS18B20_Start  ds18b20.o
    0x0800122a   0x0800122a   0x00000002   PAD
    0x0800122c   0x0800122c   0x00000002   Code   RO           40    .text.DebugMon_Handler  stm32f10x_it.o
    0x0800122e   0x0800122e   0x00000002   PAD
    0x08001230   0x08001230   0x0000006a   Code   RO          253    .text.DebugUart_Init  debug_uart.o
    0x0800129a   0x0800129a   0x00000002   PAD
    0x0800129c   0x0800129c   0x00000046   Code   RO          255    .text.DebugUart_SendString  debug_uart.o
    0x080012e2   0x080012e2   0x00000002   PAD
    0x080012e4   0x080012e4   0x00000042   Code   RO           53    .text.DelayInit     delay.o
    0x08001326   0x08001326   0x00000002   PAD
    0x08001328   0x08001328   0x0000018c   Code   RO          234    .text.ESP01_BasicSetup  esp01_at.o
    0x080014b4   0x080014b4   0x000000bc   Code   RO          238    .text.ESP01_ConnectWiFi  esp01_at.o
    0x08001570   0x08001570   0x0000002c   Code   RO          236    .text.ESP01_DebugLogf  esp01_at.o
    0x0800159c   0x0800159c   0x000002bc   Code   RO          240    .text.ESP01_ReportSensorsHttpGet  esp01_at.o
    0x08001858   0x08001858   0x00000094   Code   RO          242    .text.ESP01_WaitReply  esp01_at.o
    0x080018ec   0x080018ec   0x000000c0   Code   RO          351    .text.GPIO_Init     stm32f10x_gpio.o
    0x080019ac   0x080019ac   0x0000000a   Code   RO          359    .text.GPIO_ReadOutputDataBit  stm32f10x_gpio.o
    0x080019b6   0x080019b6   0x00000002   PAD
    0x080019b8   0x080019b8   0x00000004   Code   RO          365    .text.GPIO_ResetBits  stm32f10x_gpio.o
    0x080019bc   0x080019bc   0x00000004   Code   RO          363    .text.GPIO_SetBits  stm32f10x_gpio.o
    0x080019c0   0x080019c0   0x00000002   Code   RO           30    .text.HardFault_Handler  stm32f10x_it.o
    0x080019c2   0x080019c2   0x00000002   PAD
    0x080019c4   0x080019c4   0x00000002   Code   RO           32    .text.MemManage_Handler  stm32f10x_it.o
    0x080019c6   0x080019c6   0x00000002   PAD
    0x080019c8   0x080019c8   0x00000002   Code   RO           28    .text.NMI_Handler   stm32f10x_it.o
    0x080019ca   0x080019ca   0x00000002   PAD
    0x080019cc   0x080019cc   0x0000005e   Code   RO          267    .text.NVIC_Init     misc.o
    0x08001a2a   0x08001a2a   0x00000002   PAD
    0x08001a2c   0x08001a2c   0x00000002   Code   RO           42    .text.PendSV_Handler  stm32f10x_it.o
    0x08001a2e   0x08001a2e   0x00000002   PAD
    0x08001a30   0x08001a30   0x00000018   Code   RO          434    .text.RCC_AHBPeriphClockCmd  stm32f10x_rcc.o
    0x08001a48   0x08001a48   0x00000018   Code   RO          438    .text.RCC_APB1PeriphClockCmd  stm32f10x_rcc.o
    0x08001a60   0x08001a60   0x00000018   Code   RO          442    .text.RCC_APB1PeriphResetCmd  stm32f10x_rcc.o
    0x08001a78   0x08001a78   0x00000018   Code   RO          436    .text.RCC_APB2PeriphClockCmd  stm32f10x_rcc.o
    0x08001a90   0x08001a90   0x00000018   Code   RO          440    .text.RCC_APB2PeriphResetCmd  stm32f10x_rcc.o
    0x08001aa8   0x08001aa8   0x0000008c   Code   RO          432    .text.RCC_GetClocksFreq  stm32f10x_rcc.o
    0x08001b34   0x08001b34   0x00000002   Code   RO           38    .text.SVC_Handler   stm32f10x_it.o
    0x08001b36   0x08001b36   0x00000002   PAD
    0x08001b38   0x08001b38   0x00000018   Code   RO          273    .text.SysTick_CLKSourceConfig  misc.o
    0x08001b50   0x08001b50   0x00000002   Code   RO           44    .text.SysTick_Handler  stm32f10x_it.o
    0x08001b52   0x08001b52   0x00000002   PAD
    0x08001b54   0x08001b54   0x00000110   Code   RO         1426    .text.SystemInit    system_stm32f10x.o
    0x08001c64   0x08001c64   0x0000005a   Code   RO          162    .text.TIM2_IRQHandler  timer.o
    0x08001cbe   0x08001cbe   0x00000002   PAD
    0x08001cc0   0x08001cc0   0x00000028   Code   RO          152    .text.TIM3_IRQHandler  timer.o
    0x08001ce8   0x08001ce8   0x00000006   Code   RO         1274    .text.TIM_ClearITPendingBit  stm32f10x_tim.o
    0x08001cee   0x08001cee   0x00000002   PAD
    0x08001cf0   0x08001cf0   0x00000018   Code   RO         1272    .text.TIM_GetITStatus  stm32f10x_tim.o
    0x08001d08   0x08001d08   0x00000020   Code   RO          178    .text.USART2_ClearRxBuffer  usart2.o
    0x08001d28   0x08001d28   0x0000000a   Code   RO          188    .text.USART2_GetRxBuffer  usart2.o
    0x08001d32   0x08001d32   0x00000002   PAD
    0x08001d34   0x08001d34   0x0000008a   Code   RO          180    .text.USART2_IRQHandler  usart2.o
    0x08001dbe   0x08001dbe   0x00000002   PAD
    0x08001dc0   0x08001dc0   0x00000040   Code   RO          186    .text.USART2_SendBuffer  usart2.o
    0x08001e00   0x08001e00   0x00000006   Code   RO         1336    .text.USART_ClearFlag  stm32f10x_usart.o
    0x08001e06   0x08001e06   0x00000002   PAD
    0x08001e08   0x08001e08   0x00000014   Code   RO         1294    .text.USART_Cmd     stm32f10x_usart.o
    0x08001e1c   0x08001e1c   0x000000ae   Code   RO         1284    .text.USART_DeInit  stm32f10x_usart.o
    0x08001eca   0x08001eca   0x00000002   PAD
    0x08001ecc   0x08001ecc   0x0000000a   Code   RO         1334    .text.USART_GetFlagStatus  stm32f10x_usart.o
    0x08001ed6   0x08001ed6   0x00000002   PAD
    0x08001ed8   0x08001ed8   0x00000030   Code   RO         1338    .text.USART_GetITStatus  stm32f10x_usart.o
    0x08001f08   0x08001f08   0x0000002e   Code   RO         1296    .text.USART_ITConfig  stm32f10x_usart.o
    0x08001f36   0x08001f36   0x00000002   PAD
    0x08001f38   0x08001f38   0x000000b6   Code   RO         1286    .text.USART_Init    stm32f10x_usart.o
    0x08001fee   0x08001fee   0x00000002   PAD
    0x08001ff0   0x08001ff0   0x00000008   Code   RO         1312    .text.USART_ReceiveData  stm32f10x_usart.o
    0x08001ff8   0x08001ff8   0x00000008   Code   RO         1310    .text.USART_SendData  stm32f10x_usart.o
    0x08002000   0x08002000   0x00000002   Code   RO           36    .text.UsageFault_Handler  stm32f10x_it.o
    0x08002002   0x08002002   0x00000002   PAD
    0x08002004   0x08002004   0x0000003c   Code   RO           57    .text.delay_ms      delay.o
    0x08002040   0x08002040   0x0000003c   Code   RO           55    .text.delay_us      delay.o
    0x0800207c   0x0800207c   0x00000010   Code   RO         1455    .text.gizTimerMs    gizwits_product.o
    0x0800208c   0x0800208c   0x00000524   Code   RO            2    .text.main          main.o
    0x080025b0   0x080025b0   0x0000006a   Code   RO          184    .text.u2_printf     usart2.o
    0x0800261a   0x0800261a   0x00000002   PAD
    0x0800261c   0x0800261c   0x000000ba   Code   RO          176    .text.usart2_init   usart2.o
    0x080026d6   0x080026d6   0x00000002   PAD
    0x080026d8   0x080026d8   0x00000034   Code   RO         1859    i.__0snprintf       mc_w.l(printfa.o)
    0x0800270c   0x0800270c   0x00000034   Code   RO         1863    i.__0vsnprintf      mc_w.l(printfa.o)
    0x08002740   0x08002740   0x0000000e   Code   RO         1967    i.__scatterload_copy  mc_w.l(handlers.o)
    0x0800274e   0x0800274e   0x00000002   Code   RO         1968    i.__scatterload_null  mc_w.l(handlers.o)
    0x08002750   0x08002750   0x0000000e   Code   RO         1969    i.__scatterload_zeroinit  mc_w.l(handlers.o)
    0x0800275e   0x0800275e   0x00000002   PAD
    0x08002760   0x08002760   0x00000184   Code   RO         1865    i._fp_digits        mc_w.l(printfa.o)
    0x080028e4   0x080028e4   0x000006dc   Code   RO         1866    i._printf_core      mc_w.l(printfa.o)
    0x08002fc0   0x08002fc0   0x00000024   Code   RO         1867    i._printf_post_padding  mc_w.l(printfa.o)
    0x08002fe4   0x08002fe4   0x0000002e   Code   RO         1868    i._printf_pre_padding  mc_w.l(printfa.o)
    0x08003012   0x08003012   0x00000016   Code   RO         1869    i._snputc           mc_w.l(printfa.o)
    0x08003028   0x08003028   0x00000004   Data   RO          457    .rodata.ADCPrescTable  stm32f10x_rcc.o
    0x0800302c   0x0800302c   0x00000010   Data   RO          456    .rodata.APBAHBPrescTable  stm32f10x_rcc.o
    0x0800303c   0x0800303c   0x00000056   Data   RO           18    .rodata.str1.1      main.o
    0x08003092   0x08003092   0x000000b1   Data   RO          244    .rodata.str1.1      esp01_at.o
    0x08003143   0x08003143   0x00000001   PAD
    0x08003144   0x08003144   0x00000020   Data   RO         1966    Region$$Table       anon$$obj.o


    Execution Region RW_IRAM1 (Exec base: 0x20000000, Load base: 0x08003168, Size: 0x00000a18, Max: 0x00005000, ABSOLUTE)

    Exec Addr    Load Addr    Size         Type   Attr      Idx    E Section Name        Object

    0x20000000   0x08003168   0x00000004   Data   RW         1430    .data.SystemCoreClock  system_stm32f10x.o
    0x20000004   0x0800316c   0x00000004   PAD
    0x20000008        -       0x00000008   Zero   RW          203    .bss.ADCConvertedValue  adc.o
    0x20000010        -       0x00000004   Zero   RW           10    .bss.PH             main.o
    0x20000014        -       0x00000004   Zero   RW           11    .bss.PH_temp        main.o
    0x20000018        -       0x00000004   Zero   RW           12    .bss.PH_voltage     main.o
    0x2000001c        -       0x00000004   Zero   RW           17    .bss.TDS_DAT        main.o
    0x20000020        -       0x000003e8   Zero   RW          191    .bss.USART2_RX_BUF  usart2.o
    0x20000408        -       0x00000002   Zero   RW          190    .bss.USART2_RX_STA  usart2.o
    0x2000040a        -       0x000001f4   Zero   RW          192    .bss.USART2_TX_BUF  usart2.o
    0x200005fe        -       0x00000001   Zero   RW            4    .bss.b_1s           main.o
    0x200005ff        -       0x00000001   Zero   RW            5    .bss.eer_f          main.o
    0x20000600        -       0x00000002   Zero   RW           62    .bss.fac_ms         delay.o
    0x20000602        -       0x00000001   Zero   RW           61    .bss.fac_us         delay.o
    0x20000603   0x0800316c   0x00000001   PAD
    0x20000604        -       0x00000002   Zero   RW           13    .bss.temperature    main.o
    0x20000606   0x0800316c   0x00000002   PAD
    0x20000608        -       0x00000004   Zero   RW           14    .bss.temperature_temp  main.o
    0x2000060c        -       0x00000004   Zero   RW         1468    .bss.timerMsCount   gizwits_product.o
    0x20000610        -       0x00000004   Zero   RW           15    .bss.turbidity      main.o
    0x20000614        -       0x00000004   Zero   RW           16    .bss.turbidity_temp  main.o
    0x20000618        -       0x00000400   Zero   RW         1439    STACK               startup_stm32f10x_hd.o


==============================================================================

Image component sizes


      Code (inc. data)   RO Data    RW Data    ZI Data      Debug   Object Name

       274          0          0          0          8       2915   adc.o
       176          0          0          0          0       2461   debug_uart.o
       186          0          0          0          3       1945   delay.o
      1148          0          0          0          0       5305   ds18b20.o
      1476        412        177          0          0       4962   esp01_at.o
        16          0          0          0          4       5636   gizwits_product.o
      1316         76         86          0         32       4348   main.o
       118          0          0          0          0       3313   misc.o
        36          8        304          0       1024        900   startup_stm32f10x_hd.o
       266          0          0          0          0       9632   stm32f10x_adc.o
       378          0          0          0          0       3956   stm32f10x_dma.o
       210          0          0          0          0       5985   stm32f10x_gpio.o
        18          0          0          0          0        975   stm32f10x_it.o
       260          0         20          0          0       8339   stm32f10x_rcc.o
        30          0          0          0          0      29021   stm32f10x_tim.o
       502          0          0          0          0       8713   stm32f10x_usart.o
       272          0          0          4          0       2588   system_stm32f10x.o
       130          0          0          0          0       6163   timer.o
       536          0          0          0       1502       5533   usart2.o

    ----------------------------------------------------------------------
      7416        496        620          4       2580     112690   Object Totals
         0          0         32          0          0          0   (incl. Generated)
        68          0          1          0          7          0   (incl. Padding)

    ----------------------------------------------------------------------

      Code (inc. data)   RO Data    RW Data    ZI Data      Debug   Library Member Name

         0          0          0          0          0          0   entry.o
         0          0          0          0          0          0   entry10a.o
         0          0          0          0          0          0   entry11a.o
         8          4          0          0          0          0   entry2.o
         4          0          0          0          0          0   entry5.o
         0          0          0          0          0          0   entry7b.o
         0          0          0          0          0          0   entry8b.o
         8          4          0          0          0          0   entry9a.o
        30          0          0          0          0          0   handlers.o
        48         10          0          0          0         68   init.o
         0          0          0          0          0          0   iusefp.o
        30          0          0          0          0         68   llshl.o
        36          0          0          0          0         68   llsshr.o
        32          0          0          0          0         68   llushr.o
        36          0          0          0          0        108   memseta.o
      2352         90          0          0          0        604   printfa.o
        14          0          0          0          0         68   strlen.o
        36          0          0          0          0         80   strstr.o
        44          0          0          0          0         80   uidiv.o
        98          0          0          0          0         92   uldiv.o
        48          0          0          0          0         68   cdrcmple.o
       334          0          0          0          0        148   dadd.o
       222          0          0          0          0        100   ddiv.o
       186          0          0          0          0        176   depilogue.o
        62          0          0          0          0         80   dfixi.o
        48          0          0          0          0         68   dfixul.o
        34          0          0          0          0         76   dflti.o
       228          0          0          0          0         96   dmul.o
       176          0          0          0          0        140   fadd.o
        28          0          0          0          0         68   fcmpgt.o
        28          0          0          0          0         68   fcmplt.o
       124          0          0          0          0         88   fdiv.o
       110          0          0          0          0        168   fepilogue.o
        50          0          0          0          0         68   ffixi.o
        40          0          0          0          0         68   ffixui.o
        10          0          0          0          0         68   ffltui.o
       100          0          0          0          0         76   fmul.o

    ----------------------------------------------------------------------
      4608        108          0          0          0       2928   Library Totals
         4          0          0          0          0          0   (incl. Padding)

    ----------------------------------------------------------------------

      Code (inc. data)   RO Data    RW Data    ZI Data      Debug   Library Name

      2776        108          0          0          0       1304   mc_w.l
      1828          0          0          0          0       1624   mf_w.l

    ----------------------------------------------------------------------
      4608        108          0          0          0       2928   Library Totals

    ----------------------------------------------------------------------

==============================================================================


      Code (inc. data)   RO Data    RW Data    ZI Data      Debug   

     12024        604        620          4       2580     113870   Grand Totals
     12024        604        620          4       2580     113870   ELF Image Totals
     12024        604        620          4          0          0   ROM Totals

==============================================================================

    Total RO  Size (Code + RO Data)                12644 (  12.35kB)
    Total RW  Size (RW Data + ZI Data)              2584 (   2.52kB)
    Total ROM Size (Code + RO Data + RW Data)      12648 (  12.35kB)

==============================================================================

